Archive member included because of file (symbol)

c:/freescale/kds_v3/toolchain/bin/../lib/gcc/arm-none-eabi/4.8.4/armv6-m\libgcc.a(_udivsi3.o)
                              ./SDK/platform/utilities/src/print_scan.o (__aeabi_uidiv)
c:/freescale/kds_v3/toolchain/bin/../lib/gcc/arm-none-eabi/4.8.4/armv6-m\libgcc.a(_divsi3.o)
                              ./SDK/platform/utilities/src/print_scan.o (__aeabi_idiv)
c:/freescale/kds_v3/toolchain/bin/../lib/gcc/arm-none-eabi/4.8.4/armv6-m\libgcc.a(_dvmd_tls.o)
                              c:/freescale/kds_v3/toolchain/bin/../lib/gcc/arm-none-eabi/4.8.4/armv6-m\libgcc.a(_udivsi3.o) (__aeabi_idiv0)
c:/freescale/kds_v3/toolchain/bin/../lib/gcc/arm-none-eabi/4.8.4/armv6-m\libgcc.a(_aeabi_uldivmod.o)
                              ./Generated_Code/osa1.o (__aeabi_uldivmod)
c:/freescale/kds_v3/toolchain/bin/../lib/gcc/arm-none-eabi/4.8.4/armv6-m\libgcc.a(_muldi3.o)
                              ./Generated_Code/osa1.o (__aeabi_lmul)
c:/freescale/kds_v3/toolchain/bin/../lib/gcc/arm-none-eabi/4.8.4/armv6-m\libgcc.a(bpabi.o)
                              c:/freescale/kds_v3/toolchain/bin/../lib/gcc/arm-none-eabi/4.8.4/armv6-m\libgcc.a(_aeabi_uldivmod.o) (__gnu_uldivmod_helper)
c:/freescale/kds_v3/toolchain/bin/../lib/gcc/arm-none-eabi/4.8.4/armv6-m\libgcc.a(_divdi3.o)
                              c:/freescale/kds_v3/toolchain/bin/../lib/gcc/arm-none-eabi/4.8.4/armv6-m\libgcc.a(bpabi.o) (__divdi3)
c:/freescale/kds_v3/toolchain/bin/../lib/gcc/arm-none-eabi/4.8.4/armv6-m\libgcc.a(_udivdi3.o)
                              c:/freescale/kds_v3/toolchain/bin/../lib/gcc/arm-none-eabi/4.8.4/armv6-m\libgcc.a(bpabi.o) (__udivdi3)
c:/freescale/kds_v3/toolchain/bin/../lib/gcc/arm-none-eabi/4.8.4/armv6-m\libgcc.a(_clzsi2.o)
                              c:/freescale/kds_v3/toolchain/bin/../lib/gcc/arm-none-eabi/4.8.4/armv6-m\libgcc.a(_divdi3.o) (__clzsi2)
c:/freescale/kds_v3/toolchain/bin/../lib/gcc/arm-none-eabi/4.8.4/../../../../arm-none-eabi/lib/armv6-m\libg_s.a(lib_a-assert.o)
                              ./SDK/platform/system/src/interrupt/fsl_interrupt_manager.o (__assert_func)
c:/freescale/kds_v3/toolchain/bin/../lib/gcc/arm-none-eabi/4.8.4/../../../../arm-none-eabi/lib/armv6-m\libg_s.a(lib_a-calloc.o)
                              ./SDK/platform/osa/src/fsl_os_abstraction_bm.o (calloc)
c:/freescale/kds_v3/toolchain/bin/../lib/gcc/arm-none-eabi/4.8.4/../../../../arm-none-eabi/lib/armv6-m\libg_s.a(lib_a-errno.o)
                              ./SDK/platform/utilities/src/fsl_misc_utilities.o (__errno)
c:/freescale/kds_v3/toolchain/bin/../lib/gcc/arm-none-eabi/4.8.4/../../../../arm-none-eabi/lib/armv6-m\libg_s.a(lib_a-exit.o)
                              c:/freescale/kds_v3/toolchain/bin/../lib/gcc/arm-none-eabi/4.8.4/../../../../arm-none-eabi/lib/armv6-m/crt0.o (exit)
c:/freescale/kds_v3/toolchain/bin/../lib/gcc/arm-none-eabi/4.8.4/../../../../arm-none-eabi/lib/armv6-m\libg_s.a(lib_a-fprintf.o)
                              c:/freescale/kds_v3/toolchain/bin/../lib/gcc/arm-none-eabi/4.8.4/../../../../arm-none-eabi/lib/armv6-m\libg_s.a(lib_a-assert.o) (fiprintf)
c:/freescale/kds_v3/toolchain/bin/../lib/gcc/arm-none-eabi/4.8.4/../../../../arm-none-eabi/lib/armv6-m\libg_s.a(lib_a-impure.o)
                              c:/freescale/kds_v3/toolchain/bin/../lib/gcc/arm-none-eabi/4.8.4/../../../../arm-none-eabi/lib/armv6-m\libg_s.a(lib_a-exit.o) (_global_impure_ptr)
c:/freescale/kds_v3/toolchain/bin/../lib/gcc/arm-none-eabi/4.8.4/../../../../arm-none-eabi/lib/armv6-m\libg_s.a(lib_a-init.o)
                              c:/freescale/kds_v3/toolchain/bin/../lib/gcc/arm-none-eabi/4.8.4/../../../../arm-none-eabi/lib/armv6-m/crt0.o (__libc_init_array)
c:/freescale/kds_v3/toolchain/bin/../lib/gcc/arm-none-eabi/4.8.4/../../../../arm-none-eabi/lib/armv6-m\libg_s.a(lib_a-malloc.o)
                              ./SDK/platform/osa/src/fsl_os_abstraction_bm.o (malloc)
c:/freescale/kds_v3/toolchain/bin/../lib/gcc/arm-none-eabi/4.8.4/../../../../arm-none-eabi/lib/armv6-m\libg_s.a(lib_a-memset.o)
                              c:/freescale/kds_v3/toolchain/bin/../lib/gcc/arm-none-eabi/4.8.4/../../../../arm-none-eabi/lib/armv6-m/crt0.o (memset)
c:/freescale/kds_v3/toolchain/bin/../lib/gcc/arm-none-eabi/4.8.4/../../../../arm-none-eabi/lib/armv6-m\libg_s.a(lib_a-nano-callocr.o)
                              c:/freescale/kds_v3/toolchain/bin/../lib/gcc/arm-none-eabi/4.8.4/../../../../arm-none-eabi/lib/armv6-m\libg_s.a(lib_a-calloc.o) (_calloc_r)
c:/freescale/kds_v3/toolchain/bin/../lib/gcc/arm-none-eabi/4.8.4/../../../../arm-none-eabi/lib/armv6-m\libg_s.a(lib_a-nano-freer.o)
                              c:/freescale/kds_v3/toolchain/bin/../lib/gcc/arm-none-eabi/4.8.4/../../../../arm-none-eabi/lib/armv6-m\libg_s.a(lib_a-malloc.o) (_free_r)
c:/freescale/kds_v3/toolchain/bin/../lib/gcc/arm-none-eabi/4.8.4/../../../../arm-none-eabi/lib/armv6-m\libg_s.a(lib_a-nano-mallocr.o)
[...]
Memory Configuration

Name             Origin             Length             Attributes
m_interrupts     0x00000000         0x00000100         xr
m_flash_config   0x00000400         0x00000010         xr
m_interrupts_ram 0x1ffffe00         0x00000100         rw
m_text           0x00000410         0x00007bf0         xr
m_data           0x1fffff00         0x00000700         rw
*default*        0x00000000         0xffffffff

Linker script and memory map

LOAD c:/freescale/kds_v3/toolchain/bin/../lib/gcc/arm-none-eabi/4.8.4/armv6-m/crti.o
LOAD c:/freescale/kds_v3/toolchain/bin/../lib/gcc/arm-none-eabi/4.8.4/armv6-m/crtbegin.o
LOAD c:/freescale/kds_v3/toolchain/bin/../lib/gcc/arm-none-eabi/4.8.4/../../../../arm-none-eabi/lib/armv6-m/crt0.o
LOAD ./Static_Code/System/PE_low_level_init.o
LOAD ./Sources/Events.o
LOAD ./Sources/main.o
LOAD ./SDK/platform/utilities/src/fsl_debug_console.o
LOAD ./SDK/platform/utilities/src/fsl_misc_utilities.o
LOAD ./SDK/platform/utilities/src/print_scan.o
LOAD ./SDK/platform/system/src/interrupt/fsl_interrupt_manager.o
LOAD ./SDK/platform/system/src/clock/MKL03Z4/fsl_clock_MKL03Z4.o
LOAD ./SDK/platform/system/src/clock/fsl_clock_manager.o
LOAD ./SDK/platform/system/src/clock/fsl_clock_manager_common.o
LOAD ./SDK/platform/osa/src/fsl_os_abstraction_bm.o
LOAD ./SDK/platform/hal/src/sim/MKL03Z4/fsl_sim_hal_MKL03Z4.o
LOAD ./SDK/platform/hal/src/rtc/fsl_rtc_hal.o
LOAD ./SDK/platform/hal/src/port/fsl_port_hal.o
LOAD ./SDK/platform/hal/src/osc/fsl_osc_hal.o
LOAD ./SDK/platform/hal/src/mcglite/fsl_mcglite_hal.o
LOAD ./SDK/platform/hal/src/mcglite/fsl_mcglite_hal_modes.o
LOAD ./SDK/platform/hal/src/lpuart/fsl_lpuart_hal.o
LOAD ./SDK/platform/hal/src/gpio/fsl_gpio_hal.o
LOAD ./SDK/platform/drivers/src/rtc/fsl_rtc_common.o
LOAD ./SDK/platform/drivers/src/gpio/fsl_gpio_common.o
LOAD ./SDK/platform/drivers/src/gpio/fsl_gpio_driver.o
LOAD ./SDK/platform/devices/MKL03Z4/startup/gcc/startup_MKL03Z4.o
LOAD ./SDK/platform/devices/MKL03Z4/startup/system_MKL03Z4.o
LOAD ./SDK/platform/devices/startup.o
LOAD ./Generated_Code/Cpu.o
LOAD ./Generated_Code/clockMan1.o
LOAD ./Generated_Code/gpio1.o
LOAD ./Generated_Code/hardware_init.o
LOAD ./Generated_Code/osa1.o
LOAD ./Generated_Code/pin_init.o
LOAD c:/freescale/kds_v3/toolchain/bin/../lib/gcc/arm-none-eabi/4.8.4/../../../../arm-none-eabi/lib/armv6-m\libstdc++_s.a
LOAD c:/freescale/kds_v3/toolchain/bin/../lib/gcc/arm-none-eabi/4.8.4/../../../../arm-none-eabi/lib/armv6-m\libm.a
START GROUP
LOAD c:/freescale/kds_v3/toolchain/bin/../lib/gcc/arm-none-eabi/4.8.4/armv6-m\libgcc.a
LOAD c:/freescale/kds_v3/toolchain/bin/../lib/gcc/arm-none-eabi/4.8.4/../../../../arm-none-eabi/lib/armv6-m\libg_s.a
LOAD c:/freescale/kds_v3/toolchain/bin/../lib/gcc/arm-none-eabi/4.8.4/../../../../arm-none-eabi/lib/armv6-m\libc_s.a
END GROUP
START GROUP
LOAD c:/freescale/kds_v3/toolchain/bin/../lib/gcc/arm-none-eabi/4.8.4/armv6-m\libgcc.a
LOAD c:/freescale/kds_v3/toolchain/bin/../lib/gcc/arm-none-eabi/4.8.4/../../../../arm-none-eabi/lib/armv6-m\libc_s.a
LOAD c:/freescale/kds_v3/toolchain/bin/../lib/gcc/arm-none-eabi/4.8.4/../../../../arm-none-eabi/lib/armv6-m\libnosys.a
END GROUP
START GROUP
LOAD c:/freescale/kds_v3/toolchain/bin/../lib/gcc/arm-none-eabi/4.8.4/armv6-m\libgcc.a
LOAD c:/freescale/kds_v3/toolchain/bin/../lib/gcc/arm-none-eabi/4.8.4/../../../../arm-none-eabi/lib/armv6-m\libc_s.a
LOAD c:/freescale/kds_v3/toolchain/bin/../lib/gcc/arm-none-eabi/4.8.4/../../../../arm-none-eabi/lib/armv6-m\libnosys.a
END GROUP
LOAD c:/freescale/kds_v3/toolchain/bin/../lib/gcc/arm-none-eabi/4.8.4/armv6-m/crtend.o
LOAD c:/freescale/kds_v3/toolchain/bin/../lib/gcc/arm-none-eabi/4.8.4/armv6-m/crtn.o
                0x00000000                HEAP_SIZE = DEFINED (__heap_size__)?__heap_size__:0x0
                0x00000050                STACK_SIZE = DEFINED (__stack_size__)?__stack_size__:0x50

.interrupts     0x00000000       0xc0
                0x00000000                __VECTOR_TABLE = .
                0x00000000                . = ALIGN (0x4)
 *(.isr_vector)
 .isr_vector    0x00000000       0xc0 ./SDK/platform/devices/MKL03Z4/startup/gcc/startup_MKL03Z4.o
                0x00000000                __isr_vector
                0x000000c0                . = ALIGN (0x4)
                0x1ffffe00                __VECTOR_RAM = ORIGIN (m_interrupts_ram)

.flash_config   0x00000400       0x10
                0x00000400                . = ALIGN (0x4)
 *(.FlashConfig)
 .FlashConfig   0x00000400       0x10 ./SDK/platform/devices/MKL03Z4/startup/gcc/startup_MKL03Z4.o
                0x00000410                . = ALIGN (0x4)

.text           0x00000410     0x2e64
                0x00000410                . = ALIGN (0x4)
 *(.text)
 .text          0x00000410       0x60 c:/freescale/kds_v3/toolchain/bin/../lib/gcc/arm-none-eabi/4.8.4/armv6-m/crtbegin.o
 .text          0x00000470       0x78 c:/freescale/kds_v3/toolchain/bin/../lib/gcc/arm-none-eabi/4.8.4/../../../../arm-none-eabi/lib/armv6-m/crt0.o
                0x00000470                _start
                0x00000470                _mainCRTStartup
 .text          0x000004e8       0x18 ./SDK/platform/devices/MKL03Z4/startup/gcc/startup_MKL03Z4.o
                0x000004e8                Reset_Handler
                0x000004f8                Reserved16_IRQHandler
                0x000004f8                I2C0_IRQHandler
                0x000004f8                HardFault_Handler
                0x000004f8                PendSV_Handler
                0x000004f8                NMI_Handler
                0x000004f8                Reserved19_IRQHandler
                0x000004f8                Reserved29_IRQHandler
                0x000004f8                TPM0_IRQHandler
                0x000004f8                LLWU_IRQHandler
                0x000004f8                Reserved42_IRQHandler
                0x000004f8                ADC0_IRQHandler
                0x000004f8                Reserved39_IRQHandler
                0x000004f8                DefaultISR
                0x000004f8                Reserved25_IRQHandler
                0x000004f8                PORTB_IRQHandler
                0x000004f8                Reserved43_IRQHandler
                0x000004f8                RTC_IRQHandler
                0x000004f8                Reserved18_IRQHandler
                0x000004f8                Reserved27_IRQHandler
                0x000004f8                RTC_Seconds_IRQHandler
                0x000004f8                Reserved35_IRQHandler
                0x000004f8                Reserved20_IRQHandler
                0x000004f8                Reserved17_IRQHandler
                0x000004f8                Reserved41_IRQHandler
                0x000004f8                SVC_Handler
                0x000004f8                LPUART0_IRQHandler
                0x000004f8                Reserved45_IRQHandler
                0x000004f8                Reserved30_IRQHandler
                0x000004f8                PMC_IRQHandler
                0x000004f8                TPM1_IRQHandler
                0x000004f8                SPI0_IRQHandler
                0x000004f8                PORTA_IRQHandler
                0x000004f8                FTFA_IRQHandler
                0x000004f8                Reserved40_IRQHandler
                0x000004f8                Reserved38_IRQHandler
                0x000004f8                LPTMR0_IRQHandler
                0x000004f8                CMP0_IRQHandler
 .text          0x00000500       0x9c c:/freescale/kds_v3/toolchain/bin/../lib/gcc/arm-none-eabi/4.8.4/armv6-m\libgcc.a(_udivsi3.o)
                0x00000500                __aeabi_uidiv
                0x00000500                __udivsi3
                0x00000588                __aeabi_uidivmod
 .text          0x0000059c        0x4 c:/freescale/kds_v3/toolchain/bin/../lib/gcc/arm-none-eabi/4.8.4/armv6-m\libgcc.a(_dvmd_tls.o)
                0x0000059c                __aeabi_idiv0
                0x0000059c                __aeabi_ldiv0
 .text          0x000005a0       0x40 c:/freescale/kds_v3/toolchain/bin/../lib/gcc/arm-none-eabi/4.8.4/armv6-m\libgcc.a(_aeabi_uldivmod.o)
                0x000005a0                __aeabi_uldivmod
 .text          0x000005e0       0x44 c:/freescale/kds_v3/toolchain/bin/../lib/gcc/arm-none-eabi/4.8.4/armv6-m\libgcc.a(_muldi3.o)
                0x000005e0                __muldi3
                0x000005e0                __aeabi_lmul
 .text          0x00000624       0x6c c:/freescale/kds_v3/toolchain/bin/../lib/gcc/arm-none-eabi/4.8.4/armv6-m\libgcc.a(bpabi.o)
                0x00000624                __gnu_ldivmod_helper
                0x0000065c                __gnu_uldivmod_helper
 .text          0x00000690      0x3b8 c:/freescale/kds_v3/toolchain/bin/../lib/gcc/arm-none-eabi/4.8.4/armv6-m\libgcc.a(_divdi3.o)
                0x00000690                __divdi3
 .text          0x00000a48      0x384 c:/freescale/kds_v3/toolchain/bin/../lib/gcc/arm-none-eabi/4.8.4/armv6-m\libgcc.a(_udivdi3.o)
                0x00000a48                __udivdi3
 .text          0x00000dcc       0x3c c:/freescale/kds_v3/toolchain/bin/../lib/gcc/arm-none-eabi/4.8.4/armv6-m\libgcc.a(_clzsi2.o)
                0x00000dcc                __clzsi2
 *(.text*)
 .text.PEX_components_init
                0x00000e08        0xc ./Static_Code/System/PE_low_level_init.o
                0x00000e08                PEX_components_init
 .text.PE_low_level_init
                0x00000e14       0x14 ./Static_Code/System/PE_low_level_init.o
                0x00000e14                PE_low_level_init
 .text.delay    0x00000e28       0x20 ./Sources/main.o
                0x00000e28                delay
 .text.turnDownAll
                0x00000e48       0x34 ./Sources/main.o
                0x00000e48                turnDownAll
 .text.main     0x00000e7c       0x3c ./Sources/main.o
                0x00000e7c                main
 .text._write   0x00000eb8       0x5c ./SDK/platform/utilities/src/fsl_debug_console.o
                0x00000eb8                _write
 .text._read    0x00000f14       0x48 ./SDK/platform/utilities/src/fsl_debug_console.o
                0x00000f14                _read
 .text._sbrk    0x00000f5c       0x5c ./SDK/platform/utilities/src/fsl_misc_utilities.o
                0x00000f5c                _sbrk
 .text.SIM_HAL_EnableClock
                0x00000fb8       0x58 ./SDK/platform/system/src/clock/MKL03Z4/fsl_clock_MKL03Z4.o
 .text.CLOCK_HAL_GetOutDiv1
                0x00001010       0x28 ./SDK/platform/system/src/clock/MKL03Z4/fsl_clock_MKL03Z4.o
 .text.CLOCK_SYS_GetCoreClockFreq
                0x00001038       0x34 ./SDK/platform/system/src/clock/MKL03Z4/fsl_clock_MKL03Z4.o
                0x00001038                CLOCK_SYS_GetCoreClockFreq
 .text.CLOCK_SYS_EnablePortClock
                0x0000106c       0x48 ./SDK/platform/system/src/clock/MKL03Z4/fsl_clock_MKL03Z4.o
                0x0000106c                CLOCK_SYS_EnablePortClock
 .text.CLOCK_SYS_GetSystickFreq
                0x000010b4       0x28 ./SDK/platform/system/src/clock/fsl_clock_manager.o
                0x000010b4                CLOCK_SYS_GetSystickFreq
 .text.task_init
                0x000010dc       0x60 ./SDK/platform/osa/src/fsl_os_abstraction_bm.o
                0x000010dc                task_init
 .text.OSA_Init
                0x0000113c       0x14 ./SDK/platform/osa/src/fsl_os_abstraction_bm.o
                0x0000113c                OSA_Init
 .text.CLOCK_HAL_GetClkSrcStat
                0x00001150       0x20 ./SDK/platform/hal/src/mcglite/fsl_mcglite_hal.o
 .text.CLOCK_HAL_GetLircClk
                0x00001170       0x54 ./SDK/platform/hal/src/mcglite/fsl_mcglite_hal.o
                0x00001170                CLOCK_HAL_GetLircClk
 .text.CLOCK_HAL_GetOutClk
                0x000011c4       0x74 ./SDK/platform/hal/src/mcglite/fsl_mcglite_hal.o
                0x000011c4                CLOCK_HAL_GetOutClk
 .text.GPIO_HAL_SetPinDir
                0x00001238       0x6c ./SDK/platform/hal/src/gpio/fsl_gpio_hal.o
                0x00001238                GPIO_HAL_SetPinDir
 .text.GPIO_HAL_WritePinOutput
                0x000012a4       0x50 ./SDK/platform/hal/src/gpio/fsl_gpio_hal.o
                0x000012a4                GPIO_HAL_WritePinOutput
 .text.NVIC_EnableIRQ
                0x000012f4       0x2c ./SDK/platform/drivers/src/gpio/fsl_gpio_driver.o
 .text.PORT_HAL_SetPullMode
                0x00001320       0x48 ./SDK/platform/drivers/src/gpio/fsl_gpio_driver.o
 .text.PORT_HAL_SetPullCmd
                0x00001368       0x4c ./SDK/platform/drivers/src/gpio/fsl_gpio_driver.o
 .text.PORT_HAL_SetSlewRateMode
                0x000013b4       0x4c ./SDK/platform/drivers/src/gpio/fsl_gpio_driver.o
 .text.PORT_HAL_SetPassiveFilterCmd
                0x00001400       0x4c ./SDK/platform/drivers/src/gpio/fsl_gpio_driver.o
 .text.PORT_HAL_SetDriveStrengthMode
                0x0000144c       0x4c ./SDK/platform/drivers/src/gpio/fsl_gpio_driver.o
 .text.PORT_HAL_SetMuxMode
                0x00001498       0x4c ./SDK/platform/drivers/src/gpio/fsl_gpio_driver.o
 .text.PORT_HAL_SetPinIntMode
                0x000014e4       0x4c ./SDK/platform/drivers/src/gpio/fsl_gpio_driver.o
 .text.INT_SYS_EnableIRQ
                0x00001530       0x5c ./SDK/platform/drivers/src/gpio/fsl_gpio_driver.o
 .text.GPIO_DRV_Init
                0x0000158c       0x4c ./SDK/platform/drivers/src/gpio/fsl_gpio_driver.o
                0x0000158c                GPIO_DRV_Init
 .text.GPIO_DRV_InputPinInit
                0x000015d8       0xd4 ./SDK/platform/drivers/src/gpio/fsl_gpio_driver.o
                0x000015d8                GPIO_DRV_InputPinInit
 .text.GPIO_DRV_OutputPinInit
                0x000016ac       0x9c ./SDK/platform/drivers/src/gpio/fsl_gpio_driver.o
                0x000016ac                GPIO_DRV_OutputPinInit
 .text.GPIO_DRV_WritePinOutput
                0x00001748       0x3c ./SDK/platform/drivers/src/gpio/fsl_gpio_driver.o
                0x00001748                GPIO_DRV_WritePinOutput
 .text.SystemInit
                0x00001784       0xc4 ./SDK/platform/devices/MKL03Z4/startup/system_MKL03Z4.o
                0x00001784                SystemInit
 .text.init_data_bss
                0x00001848       0xc8 ./SDK/platform/devices/startup.o
                0x00001848                init_data_bss
 .text.Components_Init
                0x00001910       0x18 ./Generated_Code/Cpu.o
                0x00001910                Components_Init
 .text.SIM_HAL_EnableClock
                0x00001928       0x58 ./Generated_Code/hardware_init.o
 .text.hardware_init
                0x00001980       0x4c ./Generated_Code/hardware_init.o
                0x00001980                hardware_init
 .text.NVIC_SetPriority
                0x000019cc       0xe0 ./Generated_Code/osa1.o
 .text.CLOCK_SYS_SetSystickSrc
                0x00001aac       0x30 ./Generated_Code/osa1.o
 .text.SysTick_Handler
                0x00001adc       0x1c ./Generated_Code/osa1.o
                0x00001adc                SysTick_Handler
 .text.OSA_TimeInit
                0x00001af8       0xa0 ./Generated_Code/osa1.o
                0x00001af8                OSA_TimeInit
 .text.PORT_HAL_SetMuxMode
                0x00001b98       0x4c ./Generated_Code/pin_init.o
 .text.init_coredebug_pins
                0x00001be4       0x2c ./Generated_Code/pin_init.o
                0x00001be4                init_coredebug_pins
 .text.init_gpio_pins
                0x00001c10       0x40 ./Generated_Code/pin_init.o
                0x00001c10                init_gpio_pins
 .text.init_osc_pins
                0x00001c50       0x2c ./Generated_Code/pin_init.o
                0x00001c50                init_osc_pins
 .text.init_rcm_pins
                0x00001c7c       0x20 ./Generated_Code/pin_init.o
                0x00001c7c                init_rcm_pins
 .text.init_sim_pins
                0x00001c9c       0x20 ./Generated_Code/pin_init.o
                0x00001c9c                init_sim_pins
 .text.__assert_func
                0x00001cbc       0x3c c:/freescale/kds_v3/toolchain/bin/../lib/gcc/arm-none-eabi/4.8.4/../../../../arm-none-eabi/lib/armv6-m\libg_s.a(lib_a-assert.o)
                0x00001cbc                __assert_func
 .text.__errno  0x00001cf8        0xc c:/freescale/kds_v3/toolchain/bin/../lib/gcc/arm-none-eabi/4.8.4/../../../../arm-none-eabi/lib/armv6-m\libg_s.a(lib_a-errno.o)
                0x00001cf8                __errno
 .text.exit     0x00001d04       0x2c c:/freescale/kds_v3/toolchain/bin/../lib/gcc/arm-none-eabi/4.8.4/../../../../arm-none-eabi/lib/armv6-m\libg_s.a(lib_a-exit.o)
                0x00001d04                exit
 .text.fprintf  0x00001d30       0x24 c:/freescale/kds_v3/toolchain/bin/../lib/gcc/arm-none-eabi/4.8.4/../../../../arm-none-eabi/lib/armv6-m\libg_s.a(lib_a-fprintf.o)
                0x00001d30                fiprintf
                0x00001d30                fprintf
 .text.__libc_init_array
                0x00001d54       0x4c c:/freescale/kds_v3/toolchain/bin/../lib/gcc/arm-none-eabi/4.8.4/../../../../arm-none-eabi/lib/armv6-m\libg_s.a(lib_a-init.o)
                0x00001d54                __libc_init_array
 .text.memset   0x00001da0       0x10 c:/freescale/kds_v3/toolchain/bin/../lib/gcc/arm-none-eabi/4.8.4/../../../../arm-none-eabi/lib/armv6-m\libg_s.a(lib_a-memset.o)
                0x00001da0                memset
 .text._free_r  0x00001db0       0x90 c:/freescale/kds_v3/toolchain/bin/../lib/gcc/arm-none-eabi/4.8.4/../../../../arm-none-eabi/lib/armv6-m\libg_s.a(lib_a-nano-freer.o)
                0x00001db0                _free_r
 .text._malloc_r
                0x00001e40       0xa8 c:/freescale/kds_v3/toolchain/bin/../lib/gcc/arm-none-eabi/4.8.4/../../../../arm-none-eabi/lib/armv6-m\libg_s.a(lib_a-nano-mallocr.o)
                0x00001e40                _malloc_r
 .text._sbrk_r  0x00001ee8       0x24 c:/freescale/kds_v3/toolchain/bin/../lib/gcc/arm-none-eabi/4.8.4/../../../../arm-none-eabi/lib/armv6-m\libg_s.a(lib_a-sbrkr.o)
                0x00001ee8                _sbrk_r
 .text.strlen   0x00001f0c        0xe c:/freescale/kds_v3/toolchain/bin/../lib/gcc/arm-none-eabi/4.8.4/../../../../arm-none-eabi/lib/armv6-m\libg_s.a(lib_a-strlen.o)
                0x00001f0c                strlen
 .text.__sfputc_r
                0x00001f1a       0x2a c:/freescale/kds_v3/toolchain/bin/../lib/gcc/arm-none-eabi/4.8.4/../../../../arm-none-eabi/lib/armv6-m\libg_s.a(lib_a-vfprintf.o)
 .text.__sfputs_r
                0x00001f44       0x24 c:/freescale/kds_v3/toolchain/bin/../lib/gcc/arm-none-eabi/4.8.4/../../../../arm-none-eabi/lib/armv6-m\libg_s.a(lib_a-vfprintf.o)
                0x00001f44                __sfputs_r
 .text._vfprintf_r
                0x00001f68      0x210 c:/freescale/kds_v3/toolchain/bin/../lib/gcc/arm-none-eabi/4.8.4/../../../../arm-none-eabi/lib/armv6-m\libg_s.a(lib_a-vfprintf.o)
                0x00001f68                _vfprintf_r
                0x00001f68                _vfiprintf_r
 .text._printf_common
                0x00002178       0xe8 c:/freescale/kds_v3/toolchain/bin/../lib/gcc/arm-none-eabi/4.8.4/../../../../arm-none-eabi/lib/armv6-m\libg_s.a(lib_a-vfprintf_i.o)
                0x00002178                _printf_common
 .text._printf_i
                0x00002260      0x22c c:/freescale/kds_v3/toolchain/bin/../lib/gcc/arm-none-eabi/4.8.4/../../../../arm-none-eabi/lib/armv6-m\libg_s.a(lib_a-vfprintf_i.o)
                0x00002260                _printf_i
 .text.__swbuf_r
                0x0000248c       0xb0 c:/freescale/kds_v3/toolchain/bin/../lib/gcc/arm-none-eabi/4.8.4/../../../../arm-none-eabi/lib/armv6-m\libg_s.a(lib_a-wbuf.o)
                0x0000248c                __swbuf_r
 .text.__swsetup_r
                0x0000253c       0xe4 c:/freescale/kds_v3/toolchain/bin/../lib/gcc/arm-none-eabi/4.8.4/../../../../arm-none-eabi/lib/armv6-m\libg_s.a(lib_a-wsetup.o)
                0x0000253c                __swsetup_r
 .text.abort    0x00002620        0xe c:/freescale/kds_v3/toolchain/bin/../lib/gcc/arm-none-eabi/4.8.4/../../../../arm-none-eabi/lib/armv6-m\libg_s.a(lib_a-abort.o)
                0x00002620                abort
 .text.__sflush_r
                0x0000262e      0x112 c:/freescale/kds_v3/toolchain/bin/../lib/gcc/arm-none-eabi/4.8.4/../../../../arm-none-eabi/lib/armv6-m\libg_s.a(lib_a-fflush.o)
                0x0000262e                __sflush_r
 .text._fflush_r
                0x00002740       0x58 c:/freescale/kds_v3/toolchain/bin/../lib/gcc/arm-none-eabi/4.8.4/../../../../arm-none-eabi/lib/armv6-m\libg_s.a(lib_a-fflush.o)
                0x00002740                _fflush_r
 .text._cleanup_r
                0x00002798       0x34 c:/freescale/kds_v3/toolchain/bin/../lib/gcc/arm-none-eabi/4.8.4/../../../../arm-none-eabi/lib/armv6-m\libg_s.a(lib_a-findfp.o)
                0x00002798                _cleanup_r
 .text.std.isra.0
                0x000027cc       0x48 c:/freescale/kds_v3/toolchain/bin/../lib/gcc/arm-none-eabi/4.8.4/../../../../arm-none-eabi/lib/armv6-m\libg_s.a(lib_a-findfp.o)
 .text.__sfmoreglue
                0x00002814       0x2c c:/freescale/kds_v3/toolchain/bin/../lib/gcc/arm-none-eabi/4.8.4/../../../../arm-none-eabi/lib/armv6-m\libg_s.a(lib_a-findfp.o)
                0x00002814                __sfmoreglue
 .text.__sinit  0x00002840       0x64 c:/freescale/kds_v3/toolchain/bin/../lib/gcc/arm-none-eabi/4.8.4/../../../../arm-none-eabi/lib/armv6-m\libg_s.a(lib_a-findfp.o)
                0x00002840                __sinit
 .text.__sfp    0x000028a4       0x7c c:/freescale/kds_v3/toolchain/bin/../lib/gcc/arm-none-eabi/4.8.4/../../../../arm-none-eabi/lib/armv6-m\libg_s.a(lib_a-findfp.o)
                0x000028a4                __sfp
 .text.__smakebuf_r
                0x00002920       0xa0 c:/freescale/kds_v3/toolchain/bin/../lib/gcc/arm-none-eabi/4.8.4/../../../../arm-none-eabi/lib/armv6-m\libg_s.a(lib_a-makebuf.o)
                0x00002920                __smakebuf_r
 .text.memchr   0x000029c0       0x16 c:/freescale/kds_v3/toolchain/bin/../lib/gcc/arm-none-eabi/4.8.4/../../../../arm-none-eabi/lib/armv6-m\libg_s.a(lib_a-memchr-stub.o)
                0x000029c0                memchr
 .text._raise_r
                0x000029d6       0x56 c:/freescale/kds_v3/toolchain/bin/../lib/gcc/arm-none-eabi/4.8.4/../../../../arm-none-eabi/lib/armv6-m\libg_s.a(lib_a-signal.o)
                0x000029d6                _raise_r
 .text.raise    0x00002a2c       0x14 c:/freescale/kds_v3/toolchain/bin/../lib/gcc/arm-none-eabi/4.8.4/../../../../arm-none-eabi/lib/armv6-m\libg_s.a(lib_a-signal.o)
                0x00002a2c                raise
 .text._kill_r  0x00002a40       0x24 c:/freescale/kds_v3/toolchain/bin/../lib/gcc/arm-none-eabi/4.8.4/../../../../arm-none-eabi/lib/armv6-m\libg_s.a(lib_a-signalr.o)
                0x00002a40                _kill_r
 .text._getpid_r
                0x00002a64        0x8 c:/freescale/kds_v3/toolchain/bin/../lib/gcc/arm-none-eabi/4.8.4/../../../../arm-none-eabi/lib/armv6-m\libg_s.a(lib_a-signalr.o)
                0x00002a64                _getpid_r
 .text.__sread  0x00002a6c       0x28 c:/freescale/kds_v3/toolchain/bin/../lib/gcc/arm-none-eabi/4.8.4/../../../../arm-none-eabi/lib/armv6-m\libg_s.a(lib_a-stdio.o)
                0x00002a6c                __sread
 .text.__swrite
                0x00002a94       0x38 c:/freescale/kds_v3/toolchain/bin/../lib/gcc/arm-none-eabi/4.8.4/../../../../arm-none-eabi/lib/armv6-m\libg_s.a(lib_a-stdio.o)
                0x00002a94                __swrite
 .text.__sseek  0x00002acc       0x2c c:/freescale/kds_v3/toolchain/bin/../lib/gcc/arm-none-eabi/4.8.4/../../../../arm-none-eabi/lib/armv6-m\libg_s.a(lib_a-stdio.o)
                0x00002acc                __sseek
 .text.__sclose
                0x00002af8        0xc c:/freescale/kds_v3/toolchain/bin/../lib/gcc/arm-none-eabi/4.8.4/../../../../arm-none-eabi/lib/armv6-m\libg_s.a(lib_a-stdio.o)
                0x00002af8                __sclose
 .text._write_r
                0x00002b04       0x28 c:/freescale/kds_v3/toolchain/bin/../lib/gcc/arm-none-eabi/4.8.4/../../../../arm-none-eabi/lib/armv6-m\libg_s.a(lib_a-writer.o)
                0x00002b04                _write_r
 .text._close_r
                0x00002b2c       0x24 c:/freescale/kds_v3/toolchain/bin/../lib/gcc/arm-none-eabi/4.8.4/../../../../arm-none-eabi/lib/armv6-m\libg_s.a(lib_a-closer.o)
                0x00002b2c                _close_r
 .text._fstat_r
                0x00002b50       0x24 c:/freescale/kds_v3/toolchain/bin/../lib/gcc/arm-none-eabi/4.8.4/../../../../arm-none-eabi/lib/armv6-m\libg_s.a(lib_a-fstatr.o)
                0x00002b50                _fstat_r
 .text._isatty_r
                0x00002b74       0x24 c:/freescale/kds_v3/toolchain/bin/../lib/gcc/arm-none-eabi/4.8.4/../../../../arm-none-eabi/lib/armv6-m\libg_s.a(lib_a-isattyr.o)
                0x00002b74                _isatty_r
 .text._lseek_r
                0x00002b98       0x28 c:/freescale/kds_v3/toolchain/bin/../lib/gcc/arm-none-eabi/4.8.4/../../../../arm-none-eabi/lib/armv6-m\libg_s.a(lib_a-lseekr.o)
                0x00002b98                _lseek_r
 .text._read_r  0x00002bc0       0x28 c:/freescale/kds_v3/toolchain/bin/../lib/gcc/arm-none-eabi/4.8.4/../../../../arm-none-eabi/lib/armv6-m\libg_s.a(lib_a-readr.o)
                0x00002bc0                _read_r
 .text._close   0x00002be8       0x10 c:/freescale/kds_v3/toolchain/bin/../lib/gcc/arm-none-eabi/4.8.4/../../../../arm-none-eabi/lib/armv6-m\libnosys.a(close.o)
                0x00002be8                _close
 .text._fstat   0x00002bf8       0x10 c:/freescale/kds_v3/toolchain/bin/../lib/gcc/arm-none-eabi/4.8.4/../../../../arm-none-eabi/lib/armv6-m\libnosys.a(fstat.o)
                0x00002bf8                _fstat
 .text._getpid  0x00002c08       0x10 c:/freescale/kds_v3/toolchain/bin/../lib/gcc/arm-none-eabi/4.8.4/../../../../arm-none-eabi/lib/armv6-m\libnosys.a(getpid.o)
                0x00002c08                _getpid
 .text._isatty  0x00002c18       0x10 c:/freescale/kds_v3/toolchain/bin/../lib/gcc/arm-none-eabi/4.8.4/../../../../arm-none-eabi/lib/armv6-m\libnosys.a(isatty.o)
                0x00002c18                _isatty
 .text._kill    0x00002c28       0x10 c:/freescale/kds_v3/toolchain/bin/../lib/gcc/arm-none-eabi/4.8.4/../../../../arm-none-eabi/lib/armv6-m\libnosys.a(kill.o)
                0x00002c28                _kill
 .text._lseek   0x00002c38       0x10 c:/freescale/kds_v3/toolchain/bin/../lib/gcc/arm-none-eabi/4.8.4/../../../../arm-none-eabi/lib/armv6-m\libnosys.a(lseek.o)
                0x00002c38                _lseek
 .text._exit    0x00002c48        0x4 c:/freescale/kds_v3/toolchain/bin/../lib/gcc/arm-none-eabi/4.8.4/../../../../arm-none-eabi/lib/armv6-m\libnosys.a(_exit.o)
                0x00002c48                _exit
 *(.rodata)
 .rodata        0x00002c4c      0x1ac ./SDK/platform/system/src/clock/MKL03Z4/fsl_clock_MKL03Z4.o
 .rodata        0x00002df8       0x38 ./SDK/platform/hal/src/gpio/fsl_gpio_hal.o
 .rodata        0x00002e30      0x150 ./SDK/platform/drivers/src/gpio/fsl_gpio_driver.o
 .rodata        0x00002f80       0x2c ./Generated_Code/osa1.o
 .rodata        0x00002fac       0x5c ./Generated_Code/pin_init.o
 *(.rodata*)
 .rodata.portGateTable
                0x00003008        0x4 ./SDK/platform/system/src/clock/MKL03Z4/fsl_clock_MKL03Z4.o
 .rodata.__func__.5820
                0x0000300c       0x1c ./SDK/platform/system/src/clock/MKL03Z4/fsl_clock_MKL03Z4.o
 .rodata.__func__.5037
                0x00003028       0x14 ./SDK/platform/hal/src/gpio/fsl_gpio_hal.o
 .rodata.__func__.5043
                0x0000303c       0x18 ./SDK/platform/hal/src/gpio/fsl_gpio_hal.o
 .rodata.g_gpioBase
                0x00003054        0x8 ./SDK/platform/drivers/src/gpio/fsl_gpio_common.o
                0x00003054                g_gpioBase
 .rodata.g_portBase
                0x0000305c        0x8 ./SDK/platform/drivers/src/gpio/fsl_gpio_common.o
                0x0000305c                g_portBase
 .rodata.g_portIrqId
                0x00003064        0x4 ./SDK/platform/drivers/src/gpio/fsl_gpio_common.o
                0x00003064                g_portIrqId
 .rodata.__func__.4959
                0x00003068       0x14 ./SDK/platform/drivers/src/gpio/fsl_gpio_driver.o
 .rodata.__func__.4935
                0x0000307c       0x14 ./SDK/platform/drivers/src/gpio/fsl_gpio_driver.o
 .rodata.__func__.4929
                0x00003090       0x18 ./SDK/platform/drivers/src/gpio/fsl_gpio_driver.o
 .rodata.__func__.4947
                0x000030a8       0x20 ./SDK/platform/drivers/src/gpio/fsl_gpio_driver.o
 .rodata.__func__.4973
                0x000030c8       0x18 ./SDK/platform/drivers/src/gpio/fsl_gpio_driver.o
 .rodata.__func__.6039
                0x000030e0       0x14 ./SDK/platform/drivers/src/gpio/fsl_gpio_driver.o
 .rodata.__func__.4941
                0x000030f4       0x1c ./SDK/platform/drivers/src/gpio/fsl_gpio_driver.o
 .rodata.__func__.4953
                0x00003110       0x20 ./SDK/platform/drivers/src/gpio/fsl_gpio_driver.o
 .rodata.gpio1_OutConfig0
                0x00003130       0x30 ./Generated_Code/gpio1.o
                0x00003130                gpio1_OutConfig0
 .rodata.__func__.6413
                0x00003160       0x10 ./Generated_Code/osa1.o
 .rodata.__func__.4959
                0x00003170       0x14 ./Generated_Code/pin_init.o
 .rodata.str1.1
                0x00003184       0x3c c:/freescale/kds_v3/toolchain/bin/../lib/gcc/arm-none-eabi/4.8.4/../../../../arm-none-eabi/lib/armv6-m\libg_s.a(lib_a-assert.o)
                                 0x3d (size before relaxing)
 .rodata.str1.1
                0x000031c0        0x2 c:/freescale/kds_v3/toolchain/bin/../lib/gcc/arm-none-eabi/4.8.4/../../../../arm-none-eabi/lib/armv6-m\libg_s.a(lib_a-impure.o)
 *fill*         0x000031c2        0x2 
 .rodata._global_impure_ptr
                0x000031c4        0x4 c:/freescale/kds_v3/toolchain/bin/../lib/gcc/arm-none-eabi/4.8.4/../../../../arm-none-eabi/lib/armv6-m\libg_s.a(lib_a-impure.o)
                0x000031c4                _global_impure_ptr
 .rodata.str1.1
                0x000031c8       0x11 c:/freescale/kds_v3/toolchain/bin/../lib/gcc/arm-none-eabi/4.8.4/../../../../arm-none-eabi/lib/armv6-m\libg_s.a(lib_a-vfprintf.o)
 .rodata.str1.1
                0x000031d9       0x22 c:/freescale/kds_v3/toolchain/bin/../lib/gcc/arm-none-eabi/4.8.4/../../../../arm-none-eabi/lib/armv6-m\libg_s.a(lib_a-vfprintf_i.o)
 *fill*         0x000031fb        0x1 
 .rodata.__sf_fake_stdin
                0x000031fc       0x20 c:/freescale/kds_v3/toolchain/bin/../lib/gcc/arm-none-eabi/4.8.4/../../../../arm-none-eabi/lib/armv6-m\libg_s.a(lib_a-findfp.o)
                0x000031fc                __sf_fake_stdin
 .rodata.__sf_fake_stdout
                0x0000321c       0x20 c:/freescale/kds_v3/toolchain/bin/../lib/gcc/arm-none-eabi/4.8.4/../../../../arm-none-eabi/lib/armv6-m\libg_s.a(lib_a-findfp.o)
                0x0000321c                __sf_fake_stdout
 .rodata.__sf_fake_stderr
                0x0000323c       0x20 c:/freescale/kds_v3/toolchain/bin/../lib/gcc/arm-none-eabi/4.8.4/../../../../arm-none-eabi/lib/armv6-m\libg_s.a(lib_a-findfp.o)
                0x0000323c                __sf_fake_stderr
 *(.glue_7)
 .glue_7        0x00000000        0x0 linker stubs
 *(.glue_7t)
 .glue_7t       0x00000000        0x0 linker stubs
 *(.eh_frame)
 .eh_frame      0x0000325c        0x0 c:/freescale/kds_v3/toolchain/bin/../lib/gcc/arm-none-eabi/4.8.4/armv6-m/crtbegin.o
 *(.init)
 .init          0x0000325c        0x4 c:/freescale/kds_v3/toolchain/bin/../lib/gcc/arm-none-eabi/4.8.4/armv6-m/crti.o
                0x0000325c                _init
 .init          0x00003260        0x8 c:/freescale/kds_v3/toolchain/bin/../lib/gcc/arm-none-eabi/4.8.4/armv6-m/crtn.o
 *(.fini)
 .fini          0x00003268        0x4 c:/freescale/kds_v3/toolchain/bin/../lib/gcc/arm-none-eabi/4.8.4/armv6-m/crti.o
                0x00003268                _fini
 .fini          0x0000326c        0x8 c:/freescale/kds_v3/toolchain/bin/../lib/gcc/arm-none-eabi/4.8.4/armv6-m/crtn.o
                0x00003274                . = ALIGN (0x4)

.vfp11_veneer   0x00003274        0x0
 .vfp11_veneer  0x00000000        0x0 linker stubs

.v4_bx          0x00003274        0x0
 .v4_bx         0x00000000        0x0 linker stubs

.iplt           0x00003274        0x0
 .iplt          0x00000000        0x0 c:/freescale/kds_v3/toolchain/bin/../lib/gcc/arm-none-eabi/4.8.4/armv6-m/crtbegin.o

.ARM.extab
 *(.ARM.extab* .gnu.linkonce.armextab.*)

.ARM            0x00003274        0x8
                0x00003274                __exidx_start = .
 *(.ARM.exidx*)
 .ARM.exidx     0x00003274        0x8 c:/freescale/kds_v3/toolchain/bin/../lib/gcc/arm-none-eabi/4.8.4/../../../../arm-none-eabi/lib/armv6-m/crt0.o
 .ARM.exidx     0x0000327c        0x0 c:/freescale/kds_v3/toolchain/bin/../lib/gcc/arm-none-eabi/4.8.4/armv6-m\libgcc.a(_divdi3.o)
                                  0x8 (size before relaxing)
 .ARM.exidx     0x0000327c        0x0 c:/freescale/kds_v3/toolchain/bin/../lib/gcc/arm-none-eabi/4.8.4/armv6-m\libgcc.a(_udivdi3.o)
                                  0x8 (size before relaxing)
                0x0000327c                __exidx_end = .

.rel.dyn        0x0000327c        0x0
 .rel.iplt      0x00000000        0x0 c:/freescale/kds_v3/toolchain/bin/../lib/gcc/arm-none-eabi/4.8.4/armv6-m/crtbegin.o

.ctors          0x0000327c        0x0
                0x0000327c                __CTOR_LIST__ = .
 *crtbegin.o(.ctors)
 *crtbegin?.o(.ctors)
 *(EXCLUDE_FILE(*crtend.o *crtend?.o) .ctors)
 *(SORT(.ctors.*))
 *(.ctors)
                0x0000327c                __CTOR_END__ = .

.dtors          0x0000327c        0x0
                0x0000327c                __DTOR_LIST__ = .
 *crtbegin.o(.dtors)
 *crtbegin?.o(.dtors)
 *(EXCLUDE_FILE(*crtend.o *crtend?.o) .dtors)
 *(SORT(.dtors.*))
 *(.dtors)
                0x0000327c                __DTOR_END__ = .

.preinit_array  0x0000327c        0x0
                0x0000327c                PROVIDE (__preinit_array_start, .)
 *(.preinit_array*)
                0x0000327c                PROVIDE (__preinit_array_end, .)

.init_array     0x0000327c        0x4
                0x0000327c                PROVIDE (__init_array_start, .)
 *(SORT(.init_array.*))
 *(.init_array*)
 .init_array    0x0000327c        0x4 c:/freescale/kds_v3/toolchain/bin/../lib/gcc/arm-none-eabi/4.8.4/armv6-m/crtbegin.o
                0x00003280                PROVIDE (__init_array_end, .)

.fini_array     0x00003280        0x4
                0x00003280                PROVIDE (__fini_array_start, .)
 *(SORT(.fini_array.*))
 *(.fini_array*)
 .fini_array    0x00003280        0x4 c:/freescale/kds_v3/toolchain/bin/../lib/gcc/arm-none-eabi/4.8.4/armv6-m/crtbegin.o
                0x00003284                PROVIDE (__fini_array_end, .)
                0x00003284                __etext = .
                0x00003284                __DATA_ROM = .

.mtb            0x1fffff00        0x0
                0x1fffff00                . = ALIGN (0x8)
                0x1fffff00                _mtb_start = .
 *(.mtb_buf)
                0x1fffff00                . = ALIGN (0x8)
                0x1fffff00                _mtb_end = .

.data           0x1fffff00       0x74 load address 0x00003284
                0x1fffff00                . = ALIGN (0x4)
                0x1fffff00                __DATA_RAM = .
                0x1fffff00                __data_start__ = .
 *(.data)
 *(.data*)
 .data.vect     0x1fffff00        0xc ./Sources/main.o
                0x1fffff00                vect
 .data.impure_data
                0x1fffff0c       0x60 c:/freescale/kds_v3/toolchain/bin/../lib/gcc/arm-none-eabi/4.8.4/../../../../arm-none-eabi/lib/armv6-m\libg_s.a(lib_a-impure.o)
 .data._impure_ptr
                0x1fffff6c        0x4 c:/freescale/kds_v3/toolchain/bin/../lib/gcc/arm-none-eabi/4.8.4/../../../../arm-none-eabi/lib/armv6-m\libg_s.a(lib_a-impure.o)
                0x1fffff6c                _impure_ptr
 *(.jcr*)
 .jcr           0x1fffff70        0x0 c:/freescale/kds_v3/toolchain/bin/../lib/gcc/arm-none-eabi/4.8.4/armv6-m/crtbegin.o
 .jcr           0x1fffff70        0x4 c:/freescale/kds_v3/toolchain/bin/../lib/gcc/arm-none-eabi/4.8.4/armv6-m/crtend.o
                0x1fffff74                . = ALIGN (0x4)
                0x1fffff74                __data_end__ = .
                0x000032f8                __DATA_END = (__DATA_ROM + (__data_end__ - __data_start__))

.igot.plt       0x1fffff74        0x0 load address 0x000032f8
 .igot.plt      0x00000000        0x0 c:/freescale/kds_v3/toolchain/bin/../lib/gcc/arm-none-eabi/4.8.4/armv6-m/crtbegin.o

.m_interrupts_ram
                0x1ffffe00      0x100
                0x1ffffe00                . = ALIGN (0x4)
                0x1ffffe00                __m_interrupts_ram_RAMStart = .
 *(.m_interrupts_ram)
                0x1fffff00                . = (. + 0x100)
 *fill*         0x1ffffe00      0x100 
                0x1fffff00                __m_interrupts_ram_RAMEnd = .
                0x1fffff00                . = ALIGN (0x4)
                0x00000100                __m_interrupts_ram_ROMSize = (__m_interrupts_ram_RAMEnd - __m_interrupts_ram_RAMStart)
                0x00000100                __RAM_VECTOR_TABLE_SIZE_BYTES = (__m_interrupts_ram_RAMEnd - __m_interrupts_ram_RAMStart)
                0x00008000                text_end = (ORIGIN (m_text) + 0x7bf0)
                0x000032f8                data_init_end = (__DATA_ROM + SIZEOF (.data))
                0x00000001                ASSERT ((data_init_end <= text_end), region m_text overflowed with text and data)

.bss            0x1fffff74       0xac load address 0x000032f8
                0x1fffff74                . = ALIGN (0x4)
                0x1fffff74                __START_BSS = .
                0x1fffff74                __bss_start__ = .
 *(.bss)
 .bss           0x1fffff74       0x1c c:/freescale/kds_v3/toolchain/bin/../lib/gcc/arm-none-eabi/4.8.4/armv6-m/crtbegin.o
 *(.bss*)
 .bss.s_debugConsole
                0x1fffff90       0x10 ./SDK/platform/utilities/src/fsl_debug_console.o
 .bss.heap_end.5138
                0x1fffffa0        0x4 ./SDK/platform/utilities/src/fsl_misc_utilities.o
 .bss.g_taskControlBlockPool
                0x1fffffa4       0x50 ./SDK/platform/osa/src/fsl_os_abstraction_bm.o
 .bss.g_freeTaskControlBlock
                0x1ffffff4        0x4 ./SDK/platform/osa/src/fsl_os_abstraction_bm.o
 .bss.g_taskListHead
                0x1ffffff8       0x10 ./SDK/platform/osa/src/fsl_os_abstraction_bm.o
 .bss.SwTimerIsrCounter
                0x20000008        0x2 ./Generated_Code/osa1.o
 *fill*         0x2000000a        0x2 
 .bss.__malloc_sbrk_start
                0x2000000c        0x4 c:/freescale/kds_v3/toolchain/bin/../lib/gcc/arm-none-eabi/4.8.4/../../../../arm-none-eabi/lib/armv6-m\libg_s.a(lib_a-nano-mallocr.o)
                0x2000000c                __malloc_sbrk_start
 .bss.__malloc_free_list
                0x20000010        0x4 c:/freescale/kds_v3/toolchain/bin/../lib/gcc/arm-none-eabi/4.8.4/../../../../arm-none-eabi/lib/armv6-m\libg_s.a(lib_a-nano-mallocr.o)
                0x20000010                __malloc_free_list
 *(COMMON)
 COMMON         0x20000014        0x8 ./SDK/platform/hal/src/mcglite/fsl_mcglite_hal.o
                0x20000014                g_xtal0ClkFreq
                0x20000018                g_xtalRtcClkFreq
 COMMON         0x2000001c        0x4 c:/freescale/kds_v3/toolchain/bin/../lib/gcc/arm-none-eabi/4.8.4/../../../../arm-none-eabi/lib/armv6-m\libg_s.a(lib_a-reent.o)
                0x2000001c                errno
                0x20000020                . = ALIGN (0x4)
                0x20000020                __bss_end__ = .
                0x20000020                __END_BSS = .

.heap           0x20000020        0x0
                0x20000020                . = ALIGN (0x8)
                0x20000020                __end__ = .
                0x20000020                PROVIDE (end, .)
                0x20000020                __HeapBase = .
                0x20000020                . = (. + HEAP_SIZE)
                0x20000020                __HeapLimit = .

.stack          0x20000020       0x50 load address 0x000033a4
                0x20000020                . = ALIGN (0x8)
                0x20000070                . = (. + STACK_SIZE)
 *fill*         0x20000020       0x50 
                0x20000600                __StackTop = (ORIGIN (m_data) + 0x700)
                0x200005b0                __StackLimit = (__StackTop - STACK_SIZE)
                0x20000600                PROVIDE (__stack, __StackTop)

.ARM.attributes
                0x00000000       0x28
 *(.ARM.attributes)
 .ARM.attributes
                0x00000000       0x1e c:/freescale/kds_v3/toolchain/bin/../lib/gcc/arm-none-eabi/4.8.4/armv6-m/crti.o
 .ARM.attributes
                0x0000001e       0x2c c:/freescale/kds_v3/toolchain/bin/../lib/gcc/arm-none-eabi/4.8.4/armv6-m/crtbegin.o
 .ARM.attributes
                0x0000004a       0x1b c:/freescale/kds_v3/toolchain/bin/../lib/gcc/arm-none-eabi/4.8.4/../../../../arm-none-eabi/lib/armv6-m/crt0.o
 .ARM.attributes
                0x00000065       0x32 ./Static_Code/System/PE_low_level_init.o
 .ARM.attributes
                0x00000097       0x32 ./Sources/main.o
 .ARM.attributes
                0x000000c9       0x32 ./SDK/platform/utilities/src/fsl_debug_console.o
 .ARM.attributes
                0x000000fb       0x32 ./SDK/platform/utilities/src/fsl_misc_utilities.o
 .ARM.attributes
                0x0000012d       0x32 ./SDK/platform/system/src/clock/MKL03Z4/fsl_clock_MKL03Z4.o
 .ARM.attributes
                0x0000015f       0x32 ./SDK/platform/system/src/clock/fsl_clock_manager.o
 .ARM.attributes
                0x00000191       0x32 ./SDK/platform/osa/src/fsl_os_abstraction_bm.o
 .ARM.attributes
                0x000001c3       0x32 ./SDK/platform/hal/src/mcglite/fsl_mcglite_hal.o
 .ARM.attributes
                0x000001f5       0x32 ./SDK/platform/hal/src/gpio/fsl_gpio_hal.o
 .ARM.attributes
                0x00000227       0x32 ./SDK/platform/drivers/src/gpio/fsl_gpio_common.o
 .ARM.attributes
                0x00000259       0x32 ./SDK/platform/drivers/src/gpio/fsl_gpio_driver.o
 .ARM.attributes
                0x0000028b       0x1b ./SDK/platform/devices/MKL03Z4/startup/gcc/startup_MKL03Z4.o
 .ARM.attributes
                0x000002a6       0x32 ./SDK/platform/devices/MKL03Z4/startup/system_MKL03Z4.o
 .ARM.attributes
                0x000002d8       0x32 ./SDK/platform/devices/startup.o
 .ARM.attributes
                0x0000030a       0x32 ./Generated_Code/Cpu.o
 .ARM.attributes
                0x0000033c       0x32 ./Generated_Code/gpio1.o
 .ARM.attributes
                0x0000036e       0x32 ./Generated_Code/hardware_init.o
 .ARM.attributes
                0x000003a0       0x32 ./Generated_Code/osa1.o
 .ARM.attributes
                0x000003d2       0x32 ./Generated_Code/pin_init.o
 .ARM.attributes
                0x00000404       0x1e c:/freescale/kds_v3/toolchain/bin/../lib/gcc/arm-none-eabi/4.8.4/armv6-m\libgcc.a(_udivsi3.o)
 .ARM.attributes
                0x00000422       0x1e c:/freescale/kds_v3/toolchain/bin/../lib/gcc/arm-none-eabi/4.8.4/armv6-m\libgcc.a(_dvmd_tls.o)
 .ARM.attributes
                0x00000440       0x1e c:/freescale/kds_v3/toolchain/bin/../lib/gcc/arm-none-eabi/4.8.4/armv6-m\libgcc.a(_aeabi_uldivmod.o)
 .ARM.attributes
                0x0000045e       0x2c c:/freescale/kds_v3/toolchain/bin/../lib/gcc/arm-none-eabi/4.8.4/armv6-m\libgcc.a(_muldi3.o)
 .ARM.attributes
                0x0000048a       0x2c c:/freescale/kds_v3/toolchain/bin/../lib/gcc/arm-none-eabi/4.8.4/armv6-m\libgcc.a(bpabi.o)
 .ARM.attributes
                0x000004b6       0x2c c:/freescale/kds_v3/toolchain/bin/../lib/gcc/arm-none-eabi/4.8.4/armv6-m\libgcc.a(_divdi3.o)
 .ARM.attributes
                0x000004e2       0x2c c:/freescale/kds_v3/toolchain/bin/../lib/gcc/arm-none-eabi/4.8.4/armv6-m\libgcc.a(_udivdi3.o)
 .ARM.attributes
                0x0000050e       0x1e c:/freescale/kds_v3/toolchain/bin/../lib/gcc/arm-none-eabi/4.8.4/armv6-m\libgcc.a(_clzsi2.o)
 .ARM.attributes
                0x0000052c       0x2c c:/freescale/kds_v3/toolchain/bin/../lib/gcc/arm-none-eabi/4.8.4/../../../../arm-none-eabi/lib/armv6-m\libg_s.a(lib_a-assert.o)
 .ARM.attributes
                0x00000558       0x2c c:/freescale/kds_v3/toolchain/bin/../lib/gcc/arm-none-eabi/4.8.4/../../../../arm-none-eabi/lib/armv6-m\libg_s.a(lib_a-errno.o)
 .ARM.attributes
                0x00000584       0x2c c:/freescale/kds_v3/toolchain/bin/../lib/gcc/arm-none-eabi/4.8.4/../../../../arm-none-eabi/lib/armv6-m\libg_s.a(lib_a-exit.o)
 .ARM.attributes
                0x000005b0       0x2c c:/freescale/kds_v3/toolchain/bin/../lib/gcc/arm-none-eabi/4.8.4/../../../../arm-none-eabi/lib/armv6-m\libg_s.a(lib_a-fprintf.o)
 .ARM.attributes
                0x000005dc       0x2c c:/freescale/kds_v3/toolchain/bin/../lib/gcc/arm-none-eabi/4.8.4/../../../../arm-none-eabi/lib/armv6-m\libg_s.a(lib_a-impure.o)
 .ARM.attributes
                0x00000608       0x2c c:/freescale/kds_v3/toolchain/bin/../lib/gcc/arm-none-eabi/4.8.4/../../../../arm-none-eabi/lib/armv6-m\libg_s.a(lib_a-init.o)
 .ARM.attributes
                0x00000634       0x2c c:/freescale/kds_v3/toolchain/bin/../lib/gcc/arm-none-eabi/4.8.4/../../../../arm-none-eabi/lib/armv6-m\libg_s.a(lib_a-memset.o)
 .ARM.attributes
                0x00000660       0x2c c:/freescale/kds_v3/toolchain/bin/../lib/gcc/arm-none-eabi/4.8.4/../../../../arm-none-eabi/lib/armv6-m\libg_s.a(lib_a-nano-freer.o)
 .ARM.attributes
                0x0000068c       0x2c c:/freescale/kds_v3/toolchain/bin/../lib/gcc/arm-none-eabi/4.8.4/../../../../arm-none-eabi/lib/armv6-m\libg_s.a(lib_a-nano-mallocr.o)
 .ARM.attributes
                0x000006b8       0x2c c:/freescale/kds_v3/toolchain/bin/../lib/gcc/arm-none-eabi/4.8.4/../../../../arm-none-eabi/lib/armv6-m\libg_s.a(lib_a-sbrkr.o)
 .ARM.attributes
                0x000006e4       0x2c c:/freescale/kds_v3/toolchain/bin/../lib/gcc/arm-none-eabi/4.8.4/../../../../arm-none-eabi/lib/armv6-m\libg_s.a(lib_a-strlen.o)
 .ARM.attributes
                0x00000710       0x2c c:/freescale/kds_v3/toolchain/bin/../lib/gcc/arm-none-eabi/4.8.4/../../../../arm-none-eabi/lib/armv6-m\libg_s.a(lib_a-vfprintf.o)
 .ARM.attributes
                0x0000073c       0x2c c:/freescale/kds_v3/toolchain/bin/../lib/gcc/arm-none-eabi/4.8.4/../../../../arm-none-eabi/lib/armv6-m\libg_s.a(lib_a-vfprintf_i.o)
 .ARM.attributes
                0x00000768       0x2c c:/freescale/kds_v3/toolchain/bin/../lib/gcc/arm-none-eabi/4.8.4/../../../../arm-none-eabi/lib/armv6-m\libg_s.a(lib_a-wbuf.o)
 .ARM.attributes
                0x00000794       0x2c c:/freescale/kds_v3/toolchain/bin/../lib/gcc/arm-none-eabi/4.8.4/../../../../arm-none-eabi/lib/armv6-m\libg_s.a(lib_a-wsetup.o)
 .ARM.attributes
                0x000007c0       0x2c c:/freescale/kds_v3/toolchain/bin/../lib/gcc/arm-none-eabi/4.8.4/../../../../arm-none-eabi/lib/armv6-m\libg_s.a(lib_a-abort.o)
 .ARM.attributes
                0x000007ec       0x2c c:/freescale/kds_v3/toolchain/bin/../lib/gcc/arm-none-eabi/4.8.4/../../../../arm-none-eabi/lib/armv6-m\libg_s.a(lib_a-fflush.o)
 .ARM.attributes
                0x00000818       0x2c c:/freescale/kds_v3/toolchain/bin/../lib/gcc/arm-none-eabi/4.8.4/../../../../arm-none-eabi/lib/armv6-m\libg_s.a(lib_a-findfp.o)
 .ARM.attributes
                0x00000844       0x2c c:/freescale/kds_v3/toolchain/bin/../lib/gcc/arm-none-eabi/4.8.4/../../../../arm-none-eabi/lib/armv6-m\libg_s.a(lib_a-makebuf.o)
 .ARM.attributes
                0x00000870       0x2c c:/freescale/kds_v3/toolchain/bin/../lib/gcc/arm-none-eabi/4.8.4/../../../../arm-none-eabi/lib/armv6-m\libg_s.a(lib_a-memchr-stub.o)
 .ARM.attributes
                0x0000089c       0x2c c:/freescale/kds_v3/toolchain/bin/../lib/gcc/arm-none-eabi/4.8.4/../../../../arm-none-eabi/lib/armv6-m\libg_s.a(lib_a-reent.o)
 .ARM.attributes
                0x000008c8       0x2c c:/freescale/kds_v3/toolchain/bin/../lib/gcc/arm-none-eabi/4.8.4/../../../../arm-none-eabi/lib/armv6-m\libg_s.a(lib_a-signal.o)
 .ARM.attributes
                0x000008f4       0x2c c:/freescale/kds_v3/toolchain/bin/../lib/gcc/arm-none-eabi/4.8.4/../../../../arm-none-eabi/lib/armv6-m\libg_s.a(lib_a-signalr.o)
 .ARM.attributes
                0x00000920       0x2c c:/freescale/kds_v3/toolchain/bin/../lib/gcc/arm-none-eabi/4.8.4/../../../../arm-none-eabi/lib/armv6-m\libg_s.a(lib_a-stdio.o)
 .ARM.attributes
                0x0000094c       0x2c c:/freescale/kds_v3/toolchain/bin/../lib/gcc/arm-none-eabi/4.8.4/../../../../arm-none-eabi/lib/armv6-m\libg_s.a(lib_a-writer.o)
 .ARM.attributes
                0x00000978       0x2c c:/freescale/kds_v3/toolchain/bin/../lib/gcc/arm-none-eabi/4.8.4/../../../../arm-none-eabi/lib/armv6-m\libg_s.a(lib_a-closer.o)
 .ARM.attributes
                0x000009a4       0x2c c:/freescale/kds_v3/toolchain/bin/../lib/gcc/arm-none-eabi/4.8.4/../../../../arm-none-eabi/lib/armv6-m\libg_s.a(lib_a-fstatr.o)
 .ARM.attributes
                0x000009d0       0x2c c:/freescale/kds_v3/toolchain/bin/../lib/gcc/arm-none-eabi/4.8.4/../../../../arm-none-eabi/lib/armv6-m\libg_s.a(lib_a-isattyr.o)
 .ARM.attributes
                0x000009fc       0x2c c:/freescale/kds_v3/toolchain/bin/../lib/gcc/arm-none-eabi/4.8.4/../../../../arm-none-eabi/lib/armv6-m\libg_s.a(lib_a-lseekr.o)
 .ARM.attributes
                0x00000a28       0x2c c:/freescale/kds_v3/toolchain/bin/../lib/gcc/arm-none-eabi/4.8.4/../../../../arm-none-eabi/lib/armv6-m\libg_s.a(lib_a-readr.o)
 .ARM.attributes
                0x00000a54       0x2c c:/freescale/kds_v3/toolchain/bin/../lib/gcc/arm-none-eabi/4.8.4/../../../../arm-none-eabi/lib/armv6-m\libnosys.a(close.o)
 .ARM.attributes
                0x00000a80       0x2c c:/freescale/kds_v3/toolchain/bin/../lib/gcc/arm-none-eabi/4.8.4/../../../../arm-none-eabi/lib/armv6-m\libnosys.a(fstat.o)
 .ARM.attributes
                0x00000aac       0x2c c:/freescale/kds_v3/toolchain/bin/../lib/gcc/arm-none-eabi/4.8.4/../../../../arm-none-eabi/lib/armv6-m\libnosys.a(getpid.o)
 .ARM.attributes
                0x00000ad8       0x2c c:/freescale/kds_v3/toolchain/bin/../lib/gcc/arm-none-eabi/4.8.4/../../../../arm-none-eabi/lib/armv6-m\libnosys.a(isatty.o)
 .ARM.attributes
                0x00000b04       0x2c c:/freescale/kds_v3/toolchain/bin/../lib/gcc/arm-none-eabi/4.8.4/../../../../arm-none-eabi/lib/armv6-m\libnosys.a(kill.o)
 .ARM.attributes
                0x00000b30       0x2c c:/freescale/kds_v3/toolchain/bin/../lib/gcc/arm-none-eabi/4.8.4/../../../../arm-none-eabi/lib/armv6-m\libnosys.a(lseek.o)
 .ARM.attributes
                0x00000b5c       0x2c c:/freescale/kds_v3/toolchain/bin/../lib/gcc/arm-none-eabi/4.8.4/../../../../arm-none-eabi/lib/armv6-m\libnosys.a(_exit.o)
 .ARM.attributes
                0x00000b88       0x2c c:/freescale/kds_v3/toolchain/bin/../lib/gcc/arm-none-eabi/4.8.4/armv6-m/crtend.o
 .ARM.attributes
                0x00000bb4       0x1e c:/freescale/kds_v3/toolchain/bin/../lib/gcc/arm-none-eabi/4.8.4/armv6-m/crtn.o
OUTPUT(Blinky3_KL03Z.elf elf32-littlearm)

.debug_info     0x00000000     0x6c90
 .debug_info    0x00000000       0xd8 ./Static_Code/System/PE_low_level_init.o
 .debug_info    0x000000d8      0x165 ./Sources/main.o
 .debug_info    0x0000023d      0x72f ./SDK/platform/utilities/src/fsl_debug_console.o
 .debug_info    0x0000096c      0x172 ./SDK/platform/utilities/src/fsl_misc_utilities.o
 .debug_info    0x00000ade     0x1254 ./SDK/platform/system/src/clock/MKL03Z4/fsl_clock_MKL03Z4.o
 .debug_info    0x00001d32     0x10f5 ./SDK/platform/system/src/clock/fsl_clock_manager.o
 .debug_info    0x00002e27      0xefd ./SDK/platform/osa/src/fsl_os_abstraction_bm.o
 .debug_info    0x00003d24      0x32d ./SDK/platform/hal/src/mcglite/fsl_mcglite_hal.o
 .debug_info    0x00004051      0x2f0 ./SDK/platform/hal/src/gpio/fsl_gpio_hal.o
 .debug_info    0x00004341      0x397 ./SDK/platform/drivers/src/gpio/fsl_gpio_common.o
 .debug_info    0x000046d8      0xef7 ./SDK/platform/drivers/src/gpio/fsl_gpio_driver.o
 .debug_info    0x000055cf       0x98 ./SDK/platform/devices/MKL03Z4/startup/gcc/startup_MKL03Z4.o
 .debug_info    0x00005667      0x47a ./SDK/platform/devices/MKL03Z4/startup/system_MKL03Z4.o
 .debug_info    0x00005ae1      0x296 ./SDK/platform/devices/startup.o
 .debug_info    0x00005d77      0x196 ./Generated_Code/Cpu.o
 .debug_info    0x00005f0d      0x1aa ./Generated_Code/gpio1.o
 .debug_info    0x000060b7      0x367 ./Generated_Code/hardware_init.o
 .debug_info    0x0000641e      0x507 ./Generated_Code/osa1.o
 .debug_info    0x00006925      0x36b ./Generated_Code/pin_init.o

.debug_abbrev   0x00000000     0x187b
 .debug_abbrev  0x00000000       0x75 ./Static_Code/System/PE_low_level_init.o
 .debug_abbrev  0x00000075       0xe1 ./Sources/main.o
 .debug_abbrev  0x00000156      0x217 ./SDK/platform/utilities/src/fsl_debug_console.o
 .debug_abbrev  0x0000036d       0xc4 ./SDK/platform/utilities/src/fsl_misc_utilities.o
 .debug_abbrev  0x00000431      0x2af ./SDK/platform/system/src/clock/MKL03Z4/fsl_clock_MKL03Z4.o
 .debug_abbrev  0x000006e0      0x292 ./SDK/platform/system/src/clock/fsl_clock_manager.o
 .debug_abbrev  0x00000972      0x21f ./SDK/platform/osa/src/fsl_os_abstraction_bm.o
 .debug_abbrev  0x00000b91      0x127 ./SDK/platform/hal/src/mcglite/fsl_mcglite_hal.o
 .debug_abbrev  0x00000cb8      0x11b ./SDK/platform/hal/src/gpio/fsl_gpio_hal.o
 .debug_abbrev  0x00000dd3       0xc0 ./SDK/platform/drivers/src/gpio/fsl_gpio_common.o
 .debug_abbrev  0x00000e93      0x27a ./SDK/platform/drivers/src/gpio/fsl_gpio_driver.o
 .debug_abbrev  0x0000110d       0x14 ./SDK/platform/devices/MKL03Z4/startup/gcc/startup_MKL03Z4.o
 .debug_abbrev  0x00001121      0x109 ./SDK/platform/devices/MKL03Z4/startup/system_MKL03Z4.o
 .debug_abbrev  0x0000122a       0xe9 ./SDK/platform/devices/startup.o
 .debug_abbrev  0x00001313       0xb7 ./Generated_Code/Cpu.o
 .debug_abbrev  0x000013ca       0xa7 ./Generated_Code/gpio1.o
 .debug_abbrev  0x00001471      0x10c ./Generated_Code/hardware_init.o
 .debug_abbrev  0x0000157d      0x1c7 ./Generated_Code/osa1.o
 .debug_abbrev  0x00001744      0x137 ./Generated_Code/pin_init.o

.debug_aranges  0x00000000      0x7d0
 .debug_aranges
                0x00000000       0x28 ./Static_Code/System/PE_low_level_init.o
 .debug_aranges
                0x00000028       0x30 ./Sources/main.o
 .debug_aranges
                0x00000058       0x78 ./SDK/platform/utilities/src/fsl_debug_console.o
 .debug_aranges
                0x000000d0       0x28 ./SDK/platform/utilities/src/fsl_misc_utilities.o
 .debug_aranges
                0x000000f8      0x188 ./SDK/platform/system/src/clock/MKL03Z4/fsl_clock_MKL03Z4.o
 .debug_aranges
                0x00000280       0xf8 ./SDK/platform/system/src/clock/fsl_clock_manager.o
 .debug_aranges
                0x00000378      0x148 ./SDK/platform/osa/src/fsl_os_abstraction_bm.o
 .debug_aranges
                0x000004c0       0x48 ./SDK/platform/hal/src/mcglite/fsl_mcglite_hal.o
 .debug_aranges
                0x00000508       0x38 ./SDK/platform/hal/src/gpio/fsl_gpio_hal.o
 .debug_aranges
                0x00000540       0x18 ./SDK/platform/drivers/src/gpio/fsl_gpio_common.o
 .debug_aranges
                0x00000558       0xf8 ./SDK/platform/drivers/src/gpio/fsl_gpio_driver.o
 .debug_aranges
                0x00000650       0x20 ./SDK/platform/devices/MKL03Z4/startup/gcc/startup_MKL03Z4.o
 .debug_aranges
                0x00000670       0x28 ./SDK/platform/devices/MKL03Z4/startup/system_MKL03Z4.o
 .debug_aranges
                0x00000698       0x20 ./SDK/platform/devices/startup.o
 .debug_aranges
                0x000006b8       0x20 ./Generated_Code/Cpu.o
 .debug_aranges
                0x000006d8       0x18 ./Generated_Code/gpio1.o
 .debug_aranges
                0x000006f0       0x28 ./Generated_Code/hardware_init.o
 .debug_aranges
                0x00000718       0x48 ./Generated_Code/osa1.o
 .debug_aranges
                0x00000760       0x70 ./Generated_Code/pin_init.o

.debug_ranges   0x00000000      0x680
 .debug_ranges  0x00000000       0x18 ./Static_Code/System/PE_low_level_init.o
 .debug_ranges  0x00000018       0x20 ./Sources/main.o
 .debug_ranges  0x00000038       0x68 ./SDK/platform/utilities/src/fsl_debug_console.o
 .debug_ranges  0x000000a0       0x18 ./SDK/platform/utilities/src/fsl_misc_utilities.o
 .debug_ranges  0x000000b8      0x178 ./SDK/platform/system/src/clock/MKL03Z4/fsl_clock_MKL03Z4.o
 .debug_ranges  0x00000230       0xe8 ./SDK/platform/system/src/clock/fsl_clock_manager.o
 .debug_ranges  0x00000318      0x138 ./SDK/platform/osa/src/fsl_os_abstraction_bm.o
 .debug_ranges  0x00000450       0x38 ./SDK/platform/hal/src/mcglite/fsl_mcglite_hal.o
 .debug_ranges  0x00000488       0x28 ./SDK/platform/hal/src/gpio/fsl_gpio_hal.o
 .debug_ranges  0x000004b0       0xe8 ./SDK/platform/drivers/src/gpio/fsl_gpio_driver.o
 .debug_ranges  0x00000598       0x18 ./SDK/platform/devices/MKL03Z4/startup/system_MKL03Z4.o
 .debug_ranges  0x000005b0       0x10 ./SDK/platform/devices/startup.o
 .debug_ranges  0x000005c0       0x10 ./Generated_Code/Cpu.o
 .debug_ranges  0x000005d0       0x18 ./Generated_Code/hardware_init.o
 .debug_ranges  0x000005e8       0x38 ./Generated_Code/osa1.o
 .debug_ranges  0x00000620       0x60 ./Generated_Code/pin_init.o

.debug_macro    0x00000000     0xeedd
 .debug_macro   0x00000000      0x2ca ./Static_Code/System/PE_low_level_init.o
 .debug_macro   0x000002ca      0x80e ./Static_Code/System/PE_low_level_init.o
 .debug_macro   0x00000ad8       0x11 ./Static_Code/System/PE_low_level_init.o
 .debug_macro   0x00000ae9       0x16 ./Static_Code/System/PE_low_level_init.o
 .debug_macro   0x00000aff       0x16 ./Static_Code/System/PE_low_level_init.o
 .debug_macro   0x00000b15       0x44 ./Static_Code/System/PE_low_level_init.o
 .debug_macro   0x00000b59      0x209 ./Static_Code/System/PE_low_level_init.o
 .debug_macro   0x00000d62       0x39 ./Static_Code/System/PE_low_level_init.o
 .debug_macro   0x00000d9b       0x3a ./Static_Code/System/PE_low_level_init.o
 .debug_macro   0x00000dd5       0x26 ./Static_Code/System/PE_low_level_init.o
 .debug_macro   0x00000dfb      0x306 ./Static_Code/System/PE_low_level_init.o
 .debug_macro   0x00001101       0xa0 ./Static_Code/System/PE_low_level_init.o
 .debug_macro   0x000011a1     0x536a ./Static_Code/System/PE_low_level_init.o
 .debug_macro   0x0000650b       0x58 ./Static_Code/System/PE_low_level_init.o
 .debug_macro   0x00006563       0x35 ./Static_Code/System/PE_low_level_init.o
 .debug_macro   0x00006598       0xa3 ./Static_Code/System/PE_low_level_init.o
 .debug_macro   0x0000663b       0x16 ./Static_Code/System/PE_low_level_init.o
 .debug_macro   0x00006651      0x10e ./Static_Code/System/PE_low_level_init.o
 .debug_macro   0x0000675f       0x7f ./Static_Code/System/PE_low_level_init.o
 .debug_macro   0x000067de       0x52 ./Static_Code/System/PE_low_level_init.o
 .debug_macro   0x00006830       0x16 ./Static_Code/System/PE_low_level_init.o
 .debug_macro   0x00006846       0x43 ./Static_Code/System/PE_low_level_init.o
 .debug_macro   0x00006889      0x180 ./Static_Code/System/PE_low_level_init.o
 .debug_macro   0x00006a09       0x22 ./Static_Code/System/PE_low_level_init.o
 .debug_macro   0x00006a2b       0x7c ./Static_Code/System/PE_low_level_init.o
 .debug_macro   0x00006aa7     0x45e6 ./Static_Code/System/PE_low_level_init.o
 .debug_macro   0x0000b08d      0xf03 ./Static_Code/System/PE_low_level_init.o
 .debug_macro   0x0000bf90       0x22 ./Static_Code/System/PE_low_level_init.o
 .debug_macro   0x0000bfb2       0x16 ./Static_Code/System/PE_low_level_init.o
 .debug_macro   0x0000bfc8       0x10 ./Static_Code/System/PE_low_level_init.o
 .debug_macro   0x0000bfd8       0x11 ./Static_Code/System/PE_low_level_init.o
 .debug_macro   0x0000bfe9       0x10 ./Static_Code/System/PE_low_level_init.o
 .debug_macro   0x0000bff9       0x3e ./Static_Code/System/PE_low_level_init.o
 .debug_macro   0x0000c037       0x19 ./Static_Code/System/PE_low_level_init.o
 .debug_macro   0x0000c050       0x10 ./Static_Code/System/PE_low_level_init.o
 .debug_macro   0x0000c060       0x28 ./Static_Code/System/PE_low_level_init.o
 .debug_macro   0x0000c088       0x28 ./Static_Code/System/PE_low_level_init.o
 .debug_macro   0x0000c0b0      0x2b0 ./Sources/main.o
 .debug_macro   0x0000c360      0x29f ./SDK/platform/utilities/src/fsl_debug_console.o
 .debug_macro   0x0000c5ff       0x58 ./SDK/platform/utilities/src/fsl_debug_console.o
 .debug_macro   0x0000c657       0x16 ./SDK/platform/utilities/src/fsl_debug_console.o
 .debug_macro   0x0000c66d       0x97 ./SDK/platform/utilities/src/fsl_debug_console.o
 .debug_macro   0x0000c704       0xef ./SDK/platform/utilities/src/fsl_debug_console.o
 .debug_macro   0x0000c7f3       0x4a ./SDK/platform/utilities/src/fsl_debug_console.o
 .debug_macro   0x0000c83d       0x10 ./SDK/platform/utilities/src/fsl_debug_console.o
 .debug_macro   0x0000c84d       0x22 ./SDK/platform/utilities/src/fsl_debug_console.o
 .debug_macro   0x0000c86f       0xbd ./SDK/platform/utilities/src/fsl_debug_console.o
 .debug_macro   0x0000c92c       0x16 ./SDK/platform/utilities/src/fsl_debug_console.o
 .debug_macro   0x0000c942      0x14a ./SDK/platform/utilities/src/fsl_debug_console.o
 .debug_macro   0x0000ca8c       0x35 ./SDK/platform/utilities/src/fsl_debug_console.o
 .debug_macro   0x0000cac1      0x20f ./SDK/platform/utilities/src/fsl_debug_console.o
 .debug_macro   0x0000ccd0       0x82 ./SDK/platform/utilities/src/fsl_debug_console.o
 .debug_macro   0x0000cd52       0x22 ./SDK/platform/utilities/src/fsl_debug_console.o
 .debug_macro   0x0000cd74       0x3a ./SDK/platform/utilities/src/fsl_debug_console.o
 .debug_macro   0x0000cdae      0x2a6 ./SDK/platform/utilities/src/fsl_debug_console.o
 .debug_macro   0x0000d054       0x10 ./SDK/platform/utilities/src/fsl_debug_console.o
 .debug_macro   0x0000d064      0x17b ./SDK/platform/utilities/src/fsl_misc_utilities.o
 .debug_macro   0x0000d1df       0x2e ./SDK/platform/utilities/src/fsl_misc_utilities.o
 .debug_macro   0x0000d20d       0x10 ./SDK/platform/utilities/src/fsl_misc_utilities.o
 .debug_macro   0x0000d21d      0x241 ./SDK/platform/utilities/src/fsl_misc_utilities.o
 .debug_macro   0x0000d45e      0x1df ./SDK/platform/system/src/clock/MKL03Z4/fsl_clock_MKL03Z4.o
 .debug_macro   0x0000d63d      0x227 ./SDK/platform/system/src/clock/fsl_clock_manager.o
 .debug_macro   0x0000d864      0x20b ./SDK/platform/osa/src/fsl_os_abstraction_bm.o
 .debug_macro   0x0000da6f      0x17d ./SDK/platform/hal/src/mcglite/fsl_mcglite_hal.o
 .debug_macro   0x0000dbec      0x16e ./SDK/platform/hal/src/gpio/fsl_gpio_hal.o
 .debug_macro   0x0000dd5a      0x15d ./SDK/platform/drivers/src/gpio/fsl_gpio_common.o
 .debug_macro   0x0000deb7      0x21e ./SDK/platform/drivers/src/gpio/fsl_gpio_driver.o
 .debug_macro   0x0000e0d5       0x22 ./SDK/platform/drivers/src/gpio/fsl_gpio_driver.o
 .debug_macro   0x0000e0f7      0x158 ./SDK/platform/devices/MKL03Z4/startup/system_MKL03Z4.o
 .debug_macro   0x0000e24f      0x167 ./SDK/platform/devices/startup.o
 .debug_macro   0x0000e3b6      0x2b4 ./Generated_Code/Cpu.o
 .debug_macro   0x0000e66a      0x292 ./Generated_Code/gpio1.o
 .debug_macro   0x0000e8fc      0x1b1 ./Generated_Code/hardware_init.o
 .debug_macro   0x0000eaad      0x28b ./Generated_Code/osa1.o
 .debug_macro   0x0000ed38      0x1a5 ./Generated_Code/pin_init.o

.debug_line     0x00000000     0x795e
 .debug_line    0x00000000      0x7cb ./Static_Code/System/PE_low_level_init.o
 .debug_line    0x000007cb      0x79d ./Sources/main.o
 .debug_line    0x00000f68      0x8b1 ./SDK/platform/utilities/src/fsl_debug_console.o
 .debug_line    0x00001819      0x36a ./SDK/platform/utilities/src/fsl_misc_utilities.o
 .debug_line    0x00001b83      0xa46 ./SDK/platform/system/src/clock/MKL03Z4/fsl_clock_MKL03Z4.o
 .debug_line    0x000025c9      0x988 ./SDK/platform/system/src/clock/fsl_clock_manager.o
 .debug_line    0x00002f51      0xa76 ./SDK/platform/osa/src/fsl_os_abstraction_bm.o
 .debug_line    0x000039c7      0x4e6 ./SDK/platform/hal/src/mcglite/fsl_mcglite_hal.o
 .debug_line    0x00003ead      0x4a4 ./SDK/platform/hal/src/gpio/fsl_gpio_hal.o
 .debug_line    0x00004351      0x3e0 ./SDK/platform/drivers/src/gpio/fsl_gpio_common.o
 .debug_line    0x00004731      0x939 ./SDK/platform/drivers/src/gpio/fsl_gpio_driver.o
 .debug_line    0x0000506a       0x77 ./SDK/platform/devices/MKL03Z4/startup/gcc/startup_MKL03Z4.o
 .debug_line    0x000050e1      0x430 ./SDK/platform/devices/MKL03Z4/startup/system_MKL03Z4.o
 .debug_line    0x00005511      0x3b3 ./SDK/platform/devices/startup.o
 .debug_line    0x000058c4      0x79a ./Generated_Code/Cpu.o
 .debug_line    0x0000605e      0x6e8 ./Generated_Code/gpio1.o
 .debug_line    0x00006746      0x4fc ./Generated_Code/hardware_init.o
 .debug_line    0x00006c42      0x76d ./Generated_Code/osa1.o
 .debug_line    0x000073af      0x5af ./Generated_Code/pin_init.o

.debug_str      0x00000000    0x6c844
 .debug_str     0x00000000    0x6733d ./Static_Code/System/PE_low_level_init.o
                              0x67802 (size before relaxing)
 .debug_str     0x0006733d       0x59 ./Sources/main.o
                              0x677e5 (size before relaxing)
 .debug_str     0x00067396     0x21b1 ./SDK/platform/utilities/src/fsl_debug_console.o
                              0x6975c (size before relaxing)
 .debug_str     0x00069547      0x6b8 ./SDK/platform/utilities/src/fsl_misc_utilities.o
                               0x58b6 (size before relaxing)
 .debug_str     0x00069bff      0xf5f ./SDK/platform/system/src/clock/MKL03Z4/fsl_clock_MKL03Z4.o
                              0x682b1 (size before relaxing)
 .debug_str     0x0006ab5e      0x86d ./SDK/platform/system/src/clock/fsl_clock_manager.o
                              0x68477 (size before relaxing)
 .debug_str     0x0006b3cb      0x7da ./SDK/platform/osa/src/fsl_os_abstraction_bm.o
                              0x67dfb (size before relaxing)
 .debug_str     0x0006bba5      0x160 ./SDK/platform/hal/src/mcglite/fsl_mcglite_hal.o
                              0x67448 (size before relaxing)
 .debug_str     0x0006bd05       0xd7 ./SDK/platform/hal/src/gpio/fsl_gpio_hal.o
                              0x6731d (size before relaxing)
 .debug_str     0x0006bddc       0x7c ./SDK/platform/drivers/src/gpio/fsl_gpio_common.o
                              0x673f6 (size before relaxing)
 .debug_str     0x0006be58      0x655 ./SDK/platform/drivers/src/gpio/fsl_gpio_driver.o
                              0x67da2 (size before relaxing)
 .debug_str     0x0006c4ad       0x95 ./SDK/platform/devices/MKL03Z4/startup/system_MKL03Z4.o
                              0x672dd (size before relaxing)
 .debug_str     0x0006c542      0x126 ./SDK/platform/devices/startup.o
                              0x6724b (size before relaxing)
 .debug_str     0x0006c668       0x39 ./Generated_Code/Cpu.o
                              0x678ea (size before relaxing)
 .debug_str     0x0006c6a1       0x1a ./Generated_Code/gpio1.o
                              0x678ee (size before relaxing)
 .debug_str     0x0006c6bb       0x30 ./Generated_Code/hardware_init.o
                              0x674d2 (size before relaxing)
 .debug_str     0x0006c6eb       0xe5 ./Generated_Code/osa1.o
                              0x67b7e (size before relaxing)
 .debug_str     0x0006c7d0       0x74 ./Generated_Code/pin_init.o
                              0x6740b (size before relaxing)

.comment        0x00000000       0x70
 .comment       0x00000000       0x70 ./Static_Code/System/PE_low_level_init.o
                                 0x71 (size before relaxing)
 .comment       0x00000000       0x71 ./Sources/main.o
 .comment       0x00000000       0x71 ./SDK/platform/utilities/src/fsl_debug_console.o
 .comment       0x00000000       0x71 ./SDK/platform/utilities/src/fsl_misc_utilities.o
 .comment       0x00000000       0x71 ./SDK/platform/system/src/clock/MKL03Z4/fsl_clock_MKL03Z4.o
 .comment       0x00000000       0x71 ./SDK/platform/system/src/clock/fsl_clock_manager.o
 .comment       0x00000000       0x71 ./SDK/platform/osa/src/fsl_os_abstraction_bm.o
 .comment       0x00000000       0x71 ./SDK/platform/hal/src/mcglite/fsl_mcglite_hal.o
 .comment       0x00000000       0x71 ./SDK/platform/hal/src/gpio/fsl_gpio_hal.o
 .comment       0x00000000       0x71 ./SDK/platform/drivers/src/gpio/fsl_gpio_common.o
 .comment       0x00000000       0x71 ./SDK/platform/drivers/src/gpio/fsl_gpio_driver.o
 .comment       0x00000000       0x71 ./SDK/platform/devices/MKL03Z4/startup/system_MKL03Z4.o
 .comment       0x00000000       0x71 ./SDK/platform/devices/startup.o
 .comment       0x00000000       0x71 ./Generated_Code/Cpu.o
 .comment       0x00000000       0x71 ./Generated_Code/gpio1.o
 .comment       0x00000000       0x71 ./Generated_Code/hardware_init.o
 .comment       0x00000000       0x71 ./Generated_Code/osa1.o
 .comment       0x00000000       0x71 ./Generated_Code/pin_init.o

.debug_frame    0x00000000     0x2310
 .debug_frame   0x00000000       0x48 ./Static_Code/System/PE_low_level_init.o
 .debug_frame   0x00000048       0x70 ./Sources/main.o
 .debug_frame   0x000000b8      0x190 ./SDK/platform/utilities/src/fsl_debug_console.o
 .debug_frame   0x00000248       0x50 ./SDK/platform/utilities/src/fsl_misc_utilities.o
 .debug_frame   0x00000298      0x5c0 ./SDK/platform/system/src/clock/MKL03Z4/fsl_clock_MKL03Z4.o
 .debug_frame   0x00000858      0x384 ./SDK/platform/system/src/clock/fsl_clock_manager.o
 .debug_frame   0x00000bdc      0x4b8 ./SDK/platform/osa/src/fsl_os_abstraction_bm.o
 .debug_frame   0x00001094       0xd0 ./SDK/platform/hal/src/mcglite/fsl_mcglite_hal.o
 .debug_frame   0x00001164       0x90 ./SDK/platform/hal/src/gpio/fsl_gpio_hal.o
 .debug_frame   0x000011f4      0x390 ./SDK/platform/drivers/src/gpio/fsl_gpio_driver.o
 .debug_frame   0x00001584       0x4c ./SDK/platform/devices/MKL03Z4/startup/system_MKL03Z4.o
 .debug_frame   0x000015d0       0x30 ./SDK/platform/devices/startup.o
 .debug_frame   0x00001600       0x2c ./Generated_Code/Cpu.o
 .debug_frame   0x0000162c       0x4c ./Generated_Code/hardware_init.o
 .debug_frame   0x00001678       0xd0 ./Generated_Code/osa1.o
 .debug_frame   0x00001748      0x170 ./Generated_Code/pin_init.o
 .debug_frame   0x000018b8       0x20 c:/freescale/kds_v3/toolchain/bin/../lib/gcc/arm-none-eabi/4.8.4/armv6-m\libgcc.a(_udivsi3.o)
 .debug_frame   0x000018d8       0x30 c:/freescale/kds_v3/toolchain/bin/../lib/gcc/arm-none-eabi/4.8.4/armv6-m\libgcc.a(_muldi3.o)
 .debug_frame   0x00001908       0x50 c:/freescale/kds_v3/toolchain/bin/../lib/gcc/arm-none-eabi/4.8.4/armv6-m\libgcc.a(bpabi.o)
 .debug_frame   0x00001958       0x3c c:/freescale/kds_v3/toolchain/bin/../lib/gcc/arm-none-eabi/4.8.4/armv6-m\libgcc.a(_divdi3.o)
 .debug_frame   0x00001994       0x3c c:/freescale/kds_v3/toolchain/bin/../lib/gcc/arm-none-eabi/4.8.4/armv6-m\libgcc.a(_udivdi3.o)
 .debug_frame   0x000019d0       0x4c c:/freescale/kds_v3/toolchain/bin/../lib/gcc/arm-none-eabi/4.8.4/../../../../arm-none-eabi/lib/armv6-m\libg_s.a(lib_a-assert.o)
 .debug_frame   0x00001a1c       0x20 c:/freescale/kds_v3/toolchain/bin/../lib/gcc/arm-none-eabi/4.8.4/../../../../arm-none-eabi/lib/armv6-m\libg_s.a(lib_a-errno.o)
 .debug_frame   0x00001a3c       0x28 c:/freescale/kds_v3/toolchain/bin/../lib/gcc/arm-none-eabi/4.8.4/../../../../arm-none-eabi/lib/armv6-m\libg_s.a(lib_a-exit.o)
 .debug_frame   0x00001a64       0x4c c:/freescale/kds_v3/toolchain/bin/../lib/gcc/arm-none-eabi/4.8.4/../../../../arm-none-eabi/lib/armv6-m\libg_s.a(lib_a-fprintf.o)
 .debug_frame   0x00001ab0       0x2c c:/freescale/kds_v3/toolchain/bin/../lib/gcc/arm-none-eabi/4.8.4/../../../../arm-none-eabi/lib/armv6-m\libg_s.a(lib_a-init.o)
 .debug_frame   0x00001adc       0x20 c:/freescale/kds_v3/toolchain/bin/../lib/gcc/arm-none-eabi/4.8.4/../../../../arm-none-eabi/lib/armv6-m\libg_s.a(lib_a-memset.o)
 .debug_frame   0x00001afc       0x2c c:/freescale/kds_v3/toolchain/bin/../lib/gcc/arm-none-eabi/4.8.4/../../../../arm-none-eabi/lib/armv6-m\libg_s.a(lib_a-nano-freer.o)
 .debug_frame   0x00001b28       0x2c c:/freescale/kds_v3/toolchain/bin/../lib/gcc/arm-none-eabi/4.8.4/../../../../arm-none-eabi/lib/armv6-m\libg_s.a(lib_a-nano-mallocr.o)
 .debug_frame   0x00001b54       0x2c c:/freescale/kds_v3/toolchain/bin/../lib/gcc/arm-none-eabi/4.8.4/../../../../arm-none-eabi/lib/armv6-m\libg_s.a(lib_a-sbrkr.o)
 .debug_frame   0x00001b80       0x20 c:/freescale/kds_v3/toolchain/bin/../lib/gcc/arm-none-eabi/4.8.4/../../../../arm-none-eabi/lib/armv6-m\libg_s.a(lib_a-strlen.o)
 .debug_frame   0x00001ba0       0xa0 c:/freescale/kds_v3/toolchain/bin/../lib/gcc/arm-none-eabi/4.8.4/../../../../arm-none-eabi/lib/armv6-m\libg_s.a(lib_a-vfprintf.o)
 .debug_frame   0x00001c40       0x54 c:/freescale/kds_v3/toolchain/bin/../lib/gcc/arm-none-eabi/4.8.4/../../../../arm-none-eabi/lib/armv6-m\libg_s.a(lib_a-vfprintf_i.o)
 .debug_frame   0x00001c94       0x44 c:/freescale/kds_v3/toolchain/bin/../lib/gcc/arm-none-eabi/4.8.4/../../../../arm-none-eabi/lib/armv6-m\libg_s.a(lib_a-wbuf.o)
 .debug_frame   0x00001cd8       0x2c c:/freescale/kds_v3/toolchain/bin/../lib/gcc/arm-none-eabi/4.8.4/../../../../arm-none-eabi/lib/armv6-m\libg_s.a(lib_a-wsetup.o)
 .debug_frame   0x00001d04       0x28 c:/freescale/kds_v3/toolchain/bin/../lib/gcc/arm-none-eabi/4.8.4/../../../../arm-none-eabi/lib/armv6-m\libg_s.a(lib_a-abort.o)
 .debug_frame   0x00001d2c       0x68 c:/freescale/kds_v3/toolchain/bin/../lib/gcc/arm-none-eabi/4.8.4/../../../../arm-none-eabi/lib/armv6-m\libg_s.a(lib_a-fflush.o)
 .debug_frame   0x00001d94      0x148 c:/freescale/kds_v3/toolchain/bin/../lib/gcc/arm-none-eabi/4.8.4/../../../../arm-none-eabi/lib/armv6-m\libg_s.a(lib_a-findfp.o)
 .debug_frame   0x00001edc       0x30 c:/freescale/kds_v3/toolchain/bin/../lib/gcc/arm-none-eabi/4.8.4/../../../../arm-none-eabi/lib/armv6-m\libg_s.a(lib_a-makebuf.o)
 .debug_frame   0x00001f0c       0x20 c:/freescale/kds_v3/toolchain/bin/../lib/gcc/arm-none-eabi/4.8.4/../../../../arm-none-eabi/lib/armv6-m\libg_s.a(lib_a-memchr-stub.o)
 .debug_frame   0x00001f2c       0x48 c:/freescale/kds_v3/toolchain/bin/../lib/gcc/arm-none-eabi/4.8.4/../../../../arm-none-eabi/lib/armv6-m\libg_s.a(lib_a-reent.o)
 .debug_frame   0x00001f74       0xe0 c:/freescale/kds_v3/toolchain/bin/../lib/gcc/arm-none-eabi/4.8.4/../../../../arm-none-eabi/lib/armv6-m\libg_s.a(lib_a-signal.o)
 .debug_frame   0x00002054       0x44 c:/freescale/kds_v3/toolchain/bin/../lib/gcc/arm-none-eabi/4.8.4/../../../../arm-none-eabi/lib/armv6-m\libg_s.a(lib_a-signalr.o)
 .debug_frame   0x00002098       0x90 c:/freescale/kds_v3/toolchain/bin/../lib/gcc/arm-none-eabi/4.8.4/../../../../arm-none-eabi/lib/armv6-m\libg_s.a(lib_a-stdio.o)
 .debug_frame   0x00002128       0x2c c:/freescale/kds_v3/toolchain/bin/../lib/gcc/arm-none-eabi/4.8.4/../../../../arm-none-eabi/lib/armv6-m\libg_s.a(lib_a-writer.o)
 .debug_frame   0x00002154       0x2c c:/freescale/kds_v3/toolchain/bin/../lib/gcc/arm-none-eabi/4.8.4/../../../../arm-none-eabi/lib/armv6-m\libg_s.a(lib_a-closer.o)
 .debug_frame   0x00002180       0x2c c:/freescale/kds_v3/toolchain/bin/../lib/gcc/arm-none-eabi/4.8.4/../../../../arm-none-eabi/lib/armv6-m\libg_s.a(lib_a-fstatr.o)
 .debug_frame   0x000021ac       0x2c c:/freescale/kds_v3/toolchain/bin/../lib/gcc/arm-none-eabi/4.8.4/../../../../arm-none-eabi/lib/armv6-m\libg_s.a(lib_a-isattyr.o)
 .debug_frame   0x000021d8       0x2c c:/freescale/kds_v3/toolchain/bin/../lib/gcc/arm-none-eabi/4.8.4/../../../../arm-none-eabi/lib/armv6-m\libg_s.a(lib_a-lseekr.o)
 .debug_frame   0x00002204       0x2c c:/freescale/kds_v3/toolchain/bin/../lib/gcc/arm-none-eabi/4.8.4/../../../../arm-none-eabi/lib/armv6-m\libg_s.a(lib_a-readr.o)
 .debug_frame   0x00002230       0x20 c:/freescale/kds_v3/toolchain/bin/../lib/gcc/arm-none-eabi/4.8.4/../../../../arm-none-eabi/lib/armv6-m\libnosys.a(close.o)
 .debug_frame   0x00002250       0x20 c:/freescale/kds_v3/toolchain/bin/../lib/gcc/arm-none-eabi/4.8.4/../../../../arm-none-eabi/lib/armv6-m\libnosys.a(fstat.o)
 .debug_frame   0x00002270       0x20 c:/freescale/kds_v3/toolchain/bin/../lib/gcc/arm-none-eabi/4.8.4/../../../../arm-none-eabi/lib/armv6-m\libnosys.a(getpid.o)
 .debug_frame   0x00002290       0x20 c:/freescale/kds_v3/toolchain/bin/../lib/gcc/arm-none-eabi/4.8.4/../../../../arm-none-eabi/lib/armv6-m\libnosys.a(isatty.o)
 .debug_frame   0x000022b0       0x20 c:/freescale/kds_v3/toolchain/bin/../lib/gcc/arm-none-eabi/4.8.4/../../../../arm-none-eabi/lib/armv6-m\libnosys.a(kill.o)
 .debug_frame   0x000022d0       0x20 c:/freescale/kds_v3/toolchain/bin/../lib/gcc/arm-none-eabi/4.8.4/../../../../arm-none-eabi/lib/armv6-m\libnosys.a(lseek.o)
 .debug_frame   0x000022f0       0x20 c:/freescale/kds_v3/toolchain/bin/../lib/gcc/arm-none-eabi/4.8.4/../../../../arm-none-eabi/lib/armv6-m\libnosys.a(_exit.o)

.stab           0x00000000       0x9c
 .stab          0x00000000       0x24 c:/freescale/kds_v3/toolchain/bin/../lib/gcc/arm-none-eabi/4.8.4/../../../../arm-none-eabi/lib/armv6-m\libnosys.a(close.o)
 .stab          0x00000024       0x18 c:/freescale/kds_v3/toolchain/bin/../lib/gcc/arm-none-eabi/4.8.4/../../../../arm-none-eabi/lib/armv6-m\libnosys.a(fstat.o)
                                 0x24 (size before relaxing)
 .stab          0x0000003c       0x18 c:/freescale/kds_v3/toolchain/bin/../lib/gcc/arm-none-eabi/4.8.4/../../../../arm-none-eabi/lib/armv6-m\libnosys.a(getpid.o)
                                 0x24 (size before relaxing)
 .stab          0x00000054       0x18 c:/freescale/kds_v3/toolchain/bin/../lib/gcc/arm-none-eabi/4.8.4/../../../../arm-none-eabi/lib/armv6-m\libnosys.a(isatty.o)
                                 0x24 (size before relaxing)
 .stab          0x0000006c       0x18 c:/freescale/kds_v3/toolchain/bin/../lib/gcc/arm-none-eabi/4.8.4/../../../../arm-none-eabi/lib/armv6-m\libnosys.a(kill.o)
                                 0x24 (size before relaxing)
 .stab          0x00000084       0x18 c:/freescale/kds_v3/toolchain/bin/../lib/gcc/arm-none-eabi/4.8.4/../../../../arm-none-eabi/lib/armv6-m\libnosys.a(lseek.o)
                                 0x24 (size before relaxing)

.stabstr        0x00000000      0x14f
 .stabstr       0x00000000      0x14f c:/freescale/kds_v3/toolchain/bin/../lib/gcc/arm-none-eabi/4.8.4/../../../../arm-none-eabi/lib/armv6-m\libnosys.a(close.o)
